Archive member included to satisfy reference by file (symbol)

c:/intelfpga_lite/22.1std/nios2eds/bin/gnu/h-x86_64-mingw32/bin/../lib/gcc/nios2-elf/12.2.1/../../../../../H-x86_64-mingw32/nios2-elf/lib/mno-hw-mul\libc.a(lib_a-puts.o)
                              obj/default/hello_world.o (puts)
c:/intelfpga_lite/22.1std/nios2eds/bin/gnu/h-x86_64-mingw32/bin/../lib/gcc/nios2-elf/12.2.1/../../../../../H-x86_64-mingw32/nios2-elf/lib/mno-hw-mul\libc.a(lib_a-strlen.o)
                              c:/intelfpga_lite/22.1std/nios2eds/bin/gnu/h-x86_64-mingw32/bin/../lib/gcc/nios2-elf/12.2.1/../../../../../H-x86_64-mingw32/nios2-elf/lib/mno-hw-mul\libc.a(lib_a-puts.o) (strlen)
c:/intelfpga_lite/22.1std/nios2eds/bin/gnu/h-x86_64-mingw32/bin/../lib/gcc/nios2-elf/12.2.1/../../../../../H-x86_64-mingw32/nios2-elf/lib/mno-hw-mul\libc.a(lib_a-findfp.o)
                              c:/intelfpga_lite/22.1std/nios2eds/bin/gnu/h-x86_64-mingw32/bin/../lib/gcc/nios2-elf/12.2.1/../../../../../H-x86_64-mingw32/nios2-elf/lib/mno-hw-mul\libc.a(lib_a-puts.o) (__sinit)
c:/intelfpga_lite/22.1std/nios2eds/bin/gnu/h-x86_64-mingw32/bin/../lib/gcc/nios2-elf/12.2.1/../../../../../H-x86_64-mingw32/nios2-elf/lib/mno-hw-mul\libc.a(lib_a-fvwrite.o)
                              c:/intelfpga_lite/22.1std/nios2eds/bin/gnu/h-x86_64-mingw32/bin/../lib/gcc/nios2-elf/12.2.1/../../../../../H-x86_64-mingw32/nios2-elf/lib/mno-hw-mul\libc.a(lib_a-puts.o) (__sfvwrite_r)
c:/intelfpga_lite/22.1std/nios2eds/bin/gnu/h-x86_64-mingw32/bin/../lib/gcc/nios2-elf/12.2.1/../../../../../H-x86_64-mingw32/nios2-elf/lib/mno-hw-mul\libc.a(lib_a-fwalk.o)
                              c:/intelfpga_lite/22.1std/nios2eds/bin/gnu/h-x86_64-mingw32/bin/../lib/gcc/nios2-elf/12.2.1/../../../../../H-x86_64-mingw32/nios2-elf/lib/mno-hw-mul\libc.a(lib_a-findfp.o) (_fwalk)
c:/intelfpga_lite/22.1std/nios2eds/bin/gnu/h-x86_64-mingw32/bin/../lib/gcc/nios2-elf/12.2.1/../../../../../H-x86_64-mingw32/nios2-elf/lib/mno-hw-mul\libc.a(lib_a-impure.o)
                              c:/intelfpga_lite/22.1std/nios2eds/bin/gnu/h-x86_64-mingw32/bin/../lib/gcc/nios2-elf/12.2.1/../../../../../H-x86_64-mingw32/nios2-elf/lib/mno-hw-mul\libc.a(lib_a-findfp.o) (_global_impure_ptr)
c:/intelfpga_lite/22.1std/nios2eds/bin/gnu/h-x86_64-mingw32/bin/../lib/gcc/nios2-elf/12.2.1/../../../../../H-x86_64-mingw32/nios2-elf/lib/mno-hw-mul\libc.a(lib_a-mallocr.o)
                              c:/intelfpga_lite/22.1std/nios2eds/bin/gnu/h-x86_64-mingw32/bin/../lib/gcc/nios2-elf/12.2.1/../../../../../H-x86_64-mingw32/nios2-elf/lib/mno-hw-mul\libc.a(lib_a-findfp.o) (_malloc_r)
c:/intelfpga_lite/22.1std/nios2eds/bin/gnu/h-x86_64-mingw32/bin/../lib/gcc/nios2-elf/12.2.1/../../../../../H-x86_64-mingw32/nios2-elf/lib/mno-hw-mul\libc.a(lib_a-memchr.o)
                              c:/intelfpga_lite/22.1std/nios2eds/bin/gnu/h-x86_64-mingw32/bin/../lib/gcc/nios2-elf/12.2.1/../../../../../H-x86_64-mingw32/nios2-elf/lib/mno-hw-mul\libc.a(lib_a-fvwrite.o) (memchr)
c:/intelfpga_lite/22.1std/nios2eds/bin/gnu/h-x86_64-mingw32/bin/../lib/gcc/nios2-elf/12.2.1/../../../../../H-x86_64-mingw32/nios2-elf/lib/mno-hw-mul\libc.a(lib_a-memcpy.o)
                              c:/intelfpga_lite/22.1std/nios2eds/bin/gnu/h-x86_64-mingw32/bin/../lib/gcc/nios2-elf/12.2.1/../../../../../H-x86_64-mingw32/nios2-elf/lib/mno-hw-mul\libc.a(lib_a-fvwrite.o) (memcpy)
c:/intelfpga_lite/22.1std/nios2eds/bin/gnu/h-x86_64-mingw32/bin/../lib/gcc/nios2-elf/12.2.1/../../../../../H-x86_64-mingw32/nios2-elf/lib/mno-hw-mul\libc.a(lib_a-memmove.o)
                              c:/intelfpga_lite/22.1std/nios2eds/bin/gnu/h-x86_64-mingw32/bin/../lib/gcc/nios2-elf/12.2.1/../../../../../H-x86_64-mingw32/nios2-elf/lib/mno-hw-mul\libc.a(lib_a-fvwrite.o) (memmove)
c:/intelfpga_lite/22.1std/nios2eds/bin/gnu/h-x86_64-mingw32/bin/../lib/gcc/nios2-elf/12.2.1/../../../../../H-x86_64-mingw32/nios2-elf/lib/mno-hw-mul\libc.a(lib_a-memset.o)
                              c:/intelfpga_lite/22.1std/nios2eds/bin/gnu/h-x86_64-mingw32/bin/../lib/gcc/nios2-elf/12.2.1/../../../../../H-x86_64-mingw32/nios2-elf/lib/mno-hw-mul\libc.a(lib_a-findfp.o) (memset)
c:/intelfpga_lite/22.1std/nios2eds/bin/gnu/h-x86_64-mingw32/bin/../lib/gcc/nios2-elf/12.2.1/../../../../../H-x86_64-mingw32/nios2-elf/lib/mno-hw-mul\libc.a(lib_a-reallocr.o)
                              c:/intelfpga_lite/22.1std/nios2eds/bin/gnu/h-x86_64-mingw32/bin/../lib/gcc/nios2-elf/12.2.1/../../../../../H-x86_64-mingw32/nios2-elf/lib/mno-hw-mul\libc.a(lib_a-fvwrite.o) (_realloc_r)
c:/intelfpga_lite/22.1std/nios2eds/bin/gnu/h-x86_64-mingw32/bin/../lib/gcc/nios2-elf/12.2.1/../../../../../H-x86_64-mingw32/nios2-elf/lib/mno-hw-mul\libc.a(lib_a-sbrkr.o)
                              c:/intelfpga_lite/22.1std/nios2eds/bin/gnu/h-x86_64-mingw32/bin/../lib/gcc/nios2-elf/12.2.1/../../../../../H-x86_64-mingw32/nios2-elf/lib/mno-hw-mul\libc.a(lib_a-mallocr.o) (_sbrk_r)
[...]
Memory Configuration

Name             Origin             Length             Attributes
reset            0x0000000000020000 0x0000000000000020
on_chip_mem      0x0000000000020020 0x00000000000117e0
*default*        0x0000000000000000 0xffffffffffffffff

Linker script and memory map

LOAD c:/ECE496_FPGA/FPGA-Accelerated-SERDES-Simulation-System/Software_workspace/software/Uart_test_bsp//obj/HAL/src/crt0.o
LOAD obj/default/hello_world.o
LOAD c:/intelfpga_lite/22.1std/nios2eds/bin/gnu/h-x86_64-mingw32/bin/../lib/gcc/nios2-elf/12.2.1/../../../../../H-x86_64-mingw32/nios2-elf/lib/mno-hw-mul\libstdc++.a
LOAD c:/intelfpga_lite/22.1std/nios2eds/bin/gnu/h-x86_64-mingw32/bin/../lib/gcc/nios2-elf/12.2.1/../../../../../H-x86_64-mingw32/nios2-elf/lib/mno-hw-mul\libm.a
LOAD c:/intelfpga_lite/22.1std/nios2eds/bin/gnu/h-x86_64-mingw32/bin/../lib/gcc/nios2-elf/12.2.1/mno-hw-mul\libgcc.a
START GROUP
LOAD c:/intelfpga_lite/22.1std/nios2eds/bin/gnu/h-x86_64-mingw32/bin/../lib/gcc/nios2-elf/12.2.1/../../../../../H-x86_64-mingw32/nios2-elf/lib/mno-hw-mul\libc.a
LOAD c:/intelfpga_lite/22.1std/nios2eds/bin/gnu/h-x86_64-mingw32/bin/../lib/gcc/nios2-elf/12.2.1/mno-hw-mul\libgcc.a
LOAD c:/ECE496_FPGA/FPGA-Accelerated-SERDES-Simulation-System/Software_workspace/software/Uart_test_bsp/\libhal_bsp.a
LOAD c:/intelfpga_lite/22.1std/nios2eds/bin/gnu/h-x86_64-mingw32/bin/../lib/gcc/nios2-elf/12.2.1/../../../../../H-x86_64-mingw32/nios2-elf/lib/mno-hw-mul\libm.a
END GROUP
LOAD c:/intelfpga_lite/22.1std/nios2eds/bin/gnu/h-x86_64-mingw32/bin/../lib/gcc/nios2-elf/12.2.1/mno-hw-mul\libgcc.a
                0x0000000000020000                __alt_mem_on_chip_mem = 0x20000

.entry          0x0000000000020000       0x20
 *(.entry)
 .entry         0x0000000000020000       0x20 c:/ECE496_FPGA/FPGA-Accelerated-SERDES-Simulation-System/Software_workspace/software/Uart_test_bsp//obj/HAL/src/crt0.o
                0x0000000000020000                __reset

.exceptions     0x0000000000020020      0x204
                0x0000000000020020                PROVIDE (__ram_exceptions_start = ABSOLUTE (.))
                0x0000000000020020                . = ALIGN (0x20)
 *(.irq)
 *(.exceptions.entry.label)
 .exceptions.entry.label
                0x0000000000020020        0x0 c:/ECE496_FPGA/FPGA-Accelerated-SERDES-Simulation-System/Software_workspace/software/Uart_test_bsp/\libhal_bsp.a(alt_irq_entry.o)
                0x0000000000020020                alt_irq_entry
 .exceptions.entry.label
                0x0000000000020020        0x0 c:/ECE496_FPGA/FPGA-Accelerated-SERDES-Simulation-System/Software_workspace/software/Uart_test_bsp/\libhal_bsp.a(alt_exception_entry.o)
                0x0000000000020020                alt_exception
 *(.exceptions.entry.user)
 *(.exceptions.entry.ecc_fatal)
 *(.exceptions.entry)
 .exceptions.entry
                0x0000000000020020       0x54 c:/ECE496_FPGA/FPGA-Accelerated-SERDES-Simulation-System/Software_workspace/software/Uart_test_bsp/\libhal_bsp.a(alt_exception_entry.o)
 *(.exceptions.irqtest.user)
 *(.exceptions.irqtest)
 .exceptions.irqtest
                0x0000000000020074       0x10 c:/ECE496_FPGA/FPGA-Accelerated-SERDES-Simulation-System/Software_workspace/software/Uart_test_bsp/\libhal_bsp.a(alt_irq_entry.o)
 *(.exceptions.irqhandler.user)
 *(.exceptions.irqhandler)
 .exceptions.irqhandler
                0x0000000000020084        0x4 c:/ECE496_FPGA/FPGA-Accelerated-SERDES-Simulation-System/Software_workspace/software/Uart_test_bsp/\libhal_bsp.a(alt_irq_entry.o)
 *(.exceptions.irqreturn.user)
 *(.exceptions.irqreturn)
 .exceptions.irqreturn
                0x0000000000020088        0x4 c:/ECE496_FPGA/FPGA-Accelerated-SERDES-Simulation-System/Software_workspace/software/Uart_test_bsp/\libhal_bsp.a(alt_irq_entry.o)
 *(.exceptions.notirq.label)
 .exceptions.notirq.label
                0x000000000002008c        0x0 c:/ECE496_FPGA/FPGA-Accelerated-SERDES-Simulation-System/Software_workspace/software/Uart_test_bsp/\libhal_bsp.a(alt_irq_entry.o)
 *(.exceptions.notirq.user)
 *(.exceptions.notirq)
 .exceptions.notirq
                0x000000000002008c        0x8 c:/ECE496_FPGA/FPGA-Accelerated-SERDES-Simulation-System/Software_workspace/software/Uart_test_bsp/\libhal_bsp.a(alt_exception_entry.o)
 *(.exceptions.soft.user)
 *(.exceptions.soft)
 *(.exceptions.unknown.user)
 *(.exceptions.unknown)
 .exceptions.unknown
                0x0000000000020094       0x14 c:/ECE496_FPGA/FPGA-Accelerated-SERDES-Simulation-System/Software_workspace/software/Uart_test_bsp/\libhal_bsp.a(alt_exception_entry.o)
 *(.exceptions.exit.label)
 .exceptions.exit.label
                0x00000000000200a8        0x0 c:/ECE496_FPGA/FPGA-Accelerated-SERDES-Simulation-System/Software_workspace/software/Uart_test_bsp/\libhal_bsp.a(alt_irq_entry.o)
 .exceptions.exit.label
                0x00000000000200a8        0x0 c:/ECE496_FPGA/FPGA-Accelerated-SERDES-Simulation-System/Software_workspace/software/Uart_test_bsp/\libhal_bsp.a(alt_exception_entry.o)
 *(.exceptions.exit.user)
 *(.exceptions.exit)
 .exceptions.exit
                0x00000000000200a8       0x54 c:/ECE496_FPGA/FPGA-Accelerated-SERDES-Simulation-System/Software_workspace/software/Uart_test_bsp/\libhal_bsp.a(alt_exception_entry.o)
 *(.exceptions)
 .exceptions    0x00000000000200fc       0xc8 c:/ECE496_FPGA/FPGA-Accelerated-SERDES-Simulation-System/Software_workspace/software/Uart_test_bsp/\libhal_bsp.a(alt_irq_handler.o)
                0x00000000000200fc                alt_irq_handler
 .exceptions    0x00000000000201c4       0x60 c:/ECE496_FPGA/FPGA-Accelerated-SERDES-Simulation-System/Software_workspace/software/Uart_test_bsp/\libhal_bsp.a(alt_instruction_exception_entry.o)
                0x00000000000201c4                alt_instruction_exception_entry
                0x0000000000020224                PROVIDE (__ram_exceptions_end = ABSOLUTE (.))
                0x0000000000020020                PROVIDE (__flash_exceptions_start = LOADADDR (.exceptions))

.text           0x0000000000020224     0x4fe8
                [!provide]                        PROVIDE (stext = ABSOLUTE (.))
 *(.interp)
 *(.hash)
 *(.dynsym)
 *(.dynstr)
 *(.gnu.version)
 *(.gnu.version_d)
 *(.gnu.version_r)
 *(.rel.init)
 *(.rela.init)
 *(.rel.text .rel.text.* .rel.gnu.linkonce.t.*)
 *(.rela.text .rela.text.* .rela.gnu.linkonce.t.*)
 *(.rel.fini)
 *(.rela.fini)
 *(.rel.rodata .rel.rodata.* .rel.gnu.linkonce.r.*)
 *(.rela.rodata .rela.rodata.* .rela.gnu.linkonce.r.*)
 *(.rel.data .rel.data.* .rel.gnu.linkonce.d.*)
 *(.rela.data .rela.data.* .rela.gnu.linkonce.d.*)
 *(.rel.tdata .rel.tdata.* .rel.gnu.linkonce.td.*)
 *(.rela.tdata .rela.tdata.* .rela.gnu.linkonce.td.*)
 *(.rel.tbss .rel.tbss.* .rel.gnu.linkonce.tb.*)
 *(.rela.tbss .rela.tbss.* .rela.gnu.linkonce.tb.*)
 *(.rel.ctors)
 *(.rela.ctors)
 *(.rel.dtors)
 *(.rela.dtors)
 *(.rel.got)
 *(.rela.got)
 *(.rel.sdata .rel.sdata.* .rel.gnu.linkonce.s.*)
 *(.rela.sdata .rela.sdata.* .rela.gnu.linkonce.s.*)
 *(.rel.sbss .rel.sbss.* .rel.gnu.linkonce.sb.*)
 *(.rela.sbss .rela.sbss.* .rela.gnu.linkonce.sb.*)
 *(.rel.sdata2 .rel.sdata2.* .rel.gnu.linkonce.s2.*)
 *(.rela.sdata2 .rela.sdata2.* .rela.gnu.linkonce.s2.*)
 *(.rel.sbss2 .rel.sbss2.* .rel.gnu.linkonce.sb2.*)
 *(.rela.sbss2 .rela.sbss2.* .rela.gnu.linkonce.sb2.*)
 *(.rel.bss .rel.bss.* .rel.gnu.linkonce.b.*)
 *(.rela.bss .rela.bss.* .rela.gnu.linkonce.b.*)
 *(.rel.plt)
 *(.rela.plt)
 *(.rel.dyn)
 *(.init)
 *(.plt)
 *(.text .stub .text.* .gnu.linkonce.t.*)
 .text          0x0000000000020224       0x3c c:/ECE496_FPGA/FPGA-Accelerated-SERDES-Simulation-System/Software_workspace/software/Uart_test_bsp//obj/HAL/src/crt0.o
                0x0000000000020224                _start
 .text          0x0000000000020260       0x50 obj/default/hello_world.o
                0x0000000000020260                main
 .text          0x00000000000202b0        0x0 c:/intelfpga_lite/22.1std/nios2eds/bin/gnu/h-x86_64-mingw32/bin/../lib/gcc/nios2-elf/12.2.1/../../../../../H-x86_64-mingw32/nios2-elf/lib/mno-hw-mul\libc.a(lib_a-puts.o)
 .text._puts_r  0x00000000000202b0       0xd0 c:/intelfpga_lite/22.1std/nios2eds/bin/gnu/h-x86_64-mingw32/bin/../lib/gcc/nios2-elf/12.2.1/../../../../../H-x86_64-mingw32/nios2-elf/lib/mno-hw-mul\libc.a(lib_a-puts.o)
                0x00000000000202b0                _puts_r
 .text.puts     0x0000000000020380       0x10 c:/intelfpga_lite/22.1std/nios2eds/bin/gnu/h-x86_64-mingw32/bin/../lib/gcc/nios2-elf/12.2.1/../../../../../H-x86_64-mingw32/nios2-elf/lib/mno-hw-mul\libc.a(lib_a-puts.o)
                0x0000000000020380                puts
 .text          0x0000000000020390        0x0 c:/intelfpga_lite/22.1std/nios2eds/bin/gnu/h-x86_64-mingw32/bin/../lib/gcc/nios2-elf/12.2.1/../../../../../H-x86_64-mingw32/nios2-elf/lib/mno-hw-mul\libc.a(lib_a-strlen.o)
 .text.strlen   0x0000000000020390       0x98 c:/intelfpga_lite/22.1std/nios2eds/bin/gnu/h-x86_64-mingw32/bin/../lib/gcc/nios2-elf/12.2.1/../../../../../H-x86_64-mingw32/nios2-elf/lib/mno-hw-mul\libc.a(lib_a-strlen.o)
                0x0000000000020390                strlen
 .text          0x0000000000020428        0x0 c:/intelfpga_lite/22.1std/nios2eds/bin/gnu/h-x86_64-mingw32/bin/../lib/gcc/nios2-elf/12.2.1/../../../../../H-x86_64-mingw32/nios2-elf/lib/mno-hw-mul\libc.a(lib_a-findfp.o)
 .text.__fp_lock
                0x0000000000020428        0x8 c:/intelfpga_lite/22.1std/nios2eds/bin/gnu/h-x86_64-mingw32/bin/../lib/gcc/nios2-elf/12.2.1/../../../../../H-x86_64-mingw32/nios2-elf/lib/mno-hw-mul\libc.a(lib_a-findfp.o)
 .text._cleanup_r
                0x0000000000020430        0xc c:/intelfpga_lite/22.1std/nios2eds/bin/gnu/h-x86_64-mingw32/bin/../lib/gcc/nios2-elf/12.2.1/../../../../../H-x86_64-mingw32/nios2-elf/lib/mno-hw-mul\libc.a(lib_a-findfp.o)
                0x0000000000020430                _cleanup_r
 .text.__fp_unlock
                0x000000000002043c        0x8 c:/intelfpga_lite/22.1std/nios2eds/bin/gnu/h-x86_64-mingw32/bin/../lib/gcc/nios2-elf/12.2.1/../../../../../H-x86_64-mingw32/nios2-elf/lib/mno-hw-mul\libc.a(lib_a-findfp.o)
 .text.__sinit.part.0
                0x0000000000020444      0x168 c:/intelfpga_lite/22.1std/nios2eds/bin/gnu/h-x86_64-mingw32/bin/../lib/gcc/nios2-elf/12.2.1/../../../../../H-x86_64-mingw32/nios2-elf/lib/mno-hw-mul\libc.a(lib_a-findfp.o)
 .text.__sfmoreglue
                0x00000000000205ac       0x78 c:/intelfpga_lite/22.1std/nios2eds/bin/gnu/h-x86_64-mingw32/bin/../lib/gcc/nios2-elf/12.2.1/../../../../../H-x86_64-mingw32/nios2-elf/lib/mno-hw-mul\libc.a(lib_a-findfp.o)
                0x00000000000205ac                __sfmoreglue
 .text.__sfp    0x0000000000020624      0x134 c:/intelfpga_lite/22.1std/nios2eds/bin/gnu/h-x86_64-mingw32/bin/../lib/gcc/nios2-elf/12.2.1/../../../../../H-x86_64-mingw32/nios2-elf/lib/mno-hw-mul\libc.a(lib_a-findfp.o)
                0x0000000000020624                __sfp
 .text._cleanup
                0x0000000000020758       0x14 c:/intelfpga_lite/22.1std/nios2eds/bin/gnu/h-x86_64-mingw32/bin/../lib/gcc/nios2-elf/12.2.1/../../../../../H-x86_64-mingw32/nios2-elf/lib/mno-hw-mul\libc.a(lib_a-findfp.o)
                0x0000000000020758                _cleanup
 .text.__sinit  0x000000000002076c       0x10 c:/intelfpga_lite/22.1std/nios2eds/bin/gnu/h-x86_64-mingw32/bin/../lib/gcc/nios2-elf/12.2.1/../../../../../H-x86_64-mingw32/nios2-elf/lib/mno-hw-mul\libc.a(lib_a-findfp.o)
                0x000000000002076c                __sinit
 .text.__sfp_lock_acquire
                0x000000000002077c        0x4 c:/intelfpga_lite/22.1std/nios2eds/bin/gnu/h-x86_64-mingw32/bin/../lib/gcc/nios2-elf/12.2.1/../../../../../H-x86_64-mingw32/nios2-elf/lib/mno-hw-mul\libc.a(lib_a-findfp.o)
                0x000000000002077c                __sfp_lock_acquire
 .text.__sfp_lock_release
                0x0000000000020780        0x4 c:/intelfpga_lite/22.1std/nios2eds/bin/gnu/h-x86_64-mingw32/bin/../lib/gcc/nios2-elf/12.2.1/../../../../../H-x86_64-mingw32/nios2-elf/lib/mno-hw-mul\libc.a(lib_a-findfp.o)
                0x0000000000020780                __sfp_lock_release
 .text.__sinit_lock_acquire
                0x0000000000020784        0x4 c:/intelfpga_lite/22.1std/nios2eds/bin/gnu/h-x86_64-mingw32/bin/../lib/gcc/nios2-elf/12.2.1/../../../../../H-x86_64-mingw32/nios2-elf/lib/mno-hw-mul\libc.a(lib_a-findfp.o)
                0x0000000000020784                __sinit_lock_acquire
 .text.__sinit_lock_release
                0x0000000000020788        0x4 c:/intelfpga_lite/22.1std/nios2eds/bin/gnu/h-x86_64-mingw32/bin/../lib/gcc/nios2-elf/12.2.1/../../../../../H-x86_64-mingw32/nios2-elf/lib/mno-hw-mul\libc.a(lib_a-findfp.o)
                0x0000000000020788                __sinit_lock_release
 .text.__fp_lock_all
                0x000000000002078c       0x14 c:/intelfpga_lite/22.1std/nios2eds/bin/gnu/h-x86_64-mingw32/bin/../lib/gcc/nios2-elf/12.2.1/../../../../../H-x86_64-mingw32/nios2-elf/lib/mno-hw-mul\libc.a(lib_a-findfp.o)
                0x000000000002078c                __fp_lock_all
 .text.__fp_unlock_all
                0x00000000000207a0       0x14 c:/intelfpga_lite/22.1std/nios2eds/bin/gnu/h-x86_64-mingw32/bin/../lib/gcc/nios2-elf/12.2.1/../../../../../H-x86_64-mingw32/nios2-elf/lib/mno-hw-mul\libc.a(lib_a-findfp.o)
                0x00000000000207a0                __fp_unlock_all
 .text          0x00000000000207b4        0x0 c:/intelfpga_lite/22.1std/nios2eds/bin/gnu/h-x86_64-mingw32/bin/../lib/gcc/nios2-elf/12.2.1/../../../../../H-x86_64-mingw32/nios2-elf/lib/mno-hw-mul\libc.a(lib_a-fvwrite.o)
 .text.__sfvwrite_r
                0x00000000000207b4      0x4a8 c:/intelfpga_lite/22.1std/nios2eds/bin/gnu/h-x86_64-mingw32/bin/../lib/gcc/nios2-elf/12.2.1/../../../../../H-x86_64-mingw32/nios2-elf/lib/mno-hw-mul\libc.a(lib_a-fvwrite.o)
                0x00000000000207b4                __sfvwrite_r
 .text          0x0000000000020c5c        0x0 c:/intelfpga_lite/22.1std/nios2eds/bin/gnu/h-x86_64-mingw32/bin/../lib/gcc/nios2-elf/12.2.1/../../../../../H-x86_64-mingw32/nios2-elf/lib/mno-hw-mul\libc.a(lib_a-fwalk.o)
 .text._fwalk   0x0000000000020c5c       0x98 c:/intelfpga_lite/22.1std/nios2eds/bin/gnu/h-x86_64-mingw32/bin/../lib/gcc/nios2-elf/12.2.1/../../../../../H-x86_64-mingw32/nios2-elf/lib/mno-hw-mul\libc.a(lib_a-fwalk.o)
                0x0000000000020c5c                _fwalk
 .text._fwalk_reent
                0x0000000000020cf4       0xa8 c:/intelfpga_lite/22.1std/nios2eds/bin/gnu/h-x86_64-mingw32/bin/../lib/gcc/nios2-elf/12.2.1/../../../../../H-x86_64-mingw32/nios2-elf/lib/mno-hw-mul\libc.a(lib_a-fwalk.o)
                0x0000000000020cf4                _fwalk_reent
 .text          0x0000000000020d9c        0x0 c:/intelfpga_lite/22.1std/nios2eds/bin/gnu/h-x86_64-mingw32/bin/../lib/gcc/nios2-elf/12.2.1/../../../../../H-x86_64-mingw32/nios2-elf/lib/mno-hw-mul\libc.a(lib_a-impure.o)
 .text          0x0000000000020d9c        0x0 c:/intelfpga_lite/22.1std/nios2eds/bin/gnu/h-x86_64-mingw32/bin/../lib/gcc/nios2-elf/12.2.1/../../../../../H-x86_64-mingw32/nios2-elf/lib/mno-hw-mul\libc.a(lib_a-mallocr.o)
 .text._malloc_r
                0x0000000000020d9c      0x7b4 c:/intelfpga_lite/22.1std/nios2eds/bin/gnu/h-x86_64-mingw32/bin/../lib/gcc/nios2-elf/12.2.1/../../../../../H-x86_64-mingw32/nios2-elf/lib/mno-hw-mul\libc.a(lib_a-mallocr.o)
                0x0000000000020d9c                _malloc_r
 .text          0x0000000000021550        0x0 c:/intelfpga_lite/22.1std/nios2eds/bin/gnu/h-x86_64-mingw32/bin/../lib/gcc/nios2-elf/12.2.1/../../../../../H-x86_64-mingw32/nios2-elf/lib/mno-hw-mul\libc.a(lib_a-memchr.o)
 .text.memchr   0x0000000000021550       0xfc c:/intelfpga_lite/22.1std/nios2eds/bin/gnu/h-x86_64-mingw32/bin/../lib/gcc/nios2-elf/12.2.1/../../../../../H-x86_64-mingw32/nios2-elf/lib/mno-hw-mul\libc.a(lib_a-memchr.o)
                0x0000000000021550                memchr
 .text          0x000000000002164c        0x0 c:/intelfpga_lite/22.1std/nios2eds/bin/gnu/h-x86_64-mingw32/bin/../lib/gcc/nios2-elf/12.2.1/../../../../../H-x86_64-mingw32/nios2-elf/lib/mno-hw-mul\libc.a(lib_a-memcpy.o)
 .text.memcpy   0x000000000002164c      0x100 c:/intelfpga_lite/22.1std/nios2eds/bin/gnu/h-x86_64-mingw32/bin/../lib/gcc/nios2-elf/12.2.1/../../../../../H-x86_64-mingw32/nios2-elf/lib/mno-hw-mul\libc.a(lib_a-memcpy.o)
                0x000000000002164c                memcpy
 .text          0x000000000002174c        0x0 c:/intelfpga_lite/22.1std/nios2eds/bin/gnu/h-x86_64-mingw32/bin/../lib/gcc/nios2-elf/12.2.1/../../../../../H-x86_64-mingw32/nios2-elf/lib/mno-hw-mul\libc.a(lib_a-memmove.o)
 .text.memmove  0x000000000002174c      0x128 c:/intelfpga_lite/22.1std/nios2eds/bin/gnu/h-x86_64-mingw32/bin/../lib/gcc/nios2-elf/12.2.1/../../../../../H-x86_64-mingw32/nios2-elf/lib/mno-hw-mul\libc.a(lib_a-memmove.o)
                0x000000000002174c                memmove
 .text          0x0000000000021874        0x0 c:/intelfpga_lite/22.1std/nios2eds/bin/gnu/h-x86_64-mingw32/bin/../lib/gcc/nios2-elf/12.2.1/../../../../../H-x86_64-mingw32/nios2-elf/lib/mno-hw-mul\libc.a(lib_a-memset.o)
 .text.memset   0x0000000000021874      0x140 c:/intelfpga_lite/22.1std/nios2eds/bin/gnu/h-x86_64-mingw32/bin/../lib/gcc/nios2-elf/12.2.1/../../../../../H-x86_64-mingw32/nios2-elf/lib/mno-hw-mul\libc.a(lib_a-memset.o)
                0x0000000000021874                memset
 .text          0x00000000000219b4        0x0 c:/intelfpga_lite/22.1std/nios2eds/bin/gnu/h-x86_64-mingw32/bin/../lib/gcc/nios2-elf/12.2.1/../../../../../H-x86_64-mingw32/nios2-elf/lib/mno-hw-mul\libc.a(lib_a-reallocr.o)
 .text._realloc_r
                0x00000000000219b4      0x5f4 c:/intelfpga_lite/22.1std/nios2eds/bin/gnu/h-x86_64-mingw32/bin/../lib/gcc/nios2-elf/12.2.1/../../../../../H-x86_64-mingw32/nios2-elf/lib/mno-hw-mul\libc.a(lib_a-reallocr.o)
                0x00000000000219b4                _realloc_r
 .text          0x0000000000021fa8        0x0 c:/intelfpga_lite/22.1std/nios2eds/bin/gnu/h-x86_64-mingw32/bin/../lib/gcc/nios2-elf/12.2.1/../../../../../H-x86_64-mingw32/nios2-elf/lib/mno-hw-mul\libc.a(lib_a-sbrkr.o)
 .text._sbrk_r  0x0000000000021fa8       0x58 c:/intelfpga_lite/22.1std/nios2eds/bin/gnu/h-x86_64-mingw32/bin/../lib/gcc/nios2-elf/12.2.1/../../../../../H-x86_64-mingw32/nios2-elf/lib/mno-hw-mul\libc.a(lib_a-sbrkr.o)
                0x0000000000021fa8                _sbrk_r
 .text          0x0000000000022000        0x0 c:/intelfpga_lite/22.1std/nios2eds/bin/gnu/h-x86_64-mingw32/bin/../lib/gcc/nios2-elf/12.2.1/../../../../../H-x86_64-mingw32/nios2-elf/lib/mno-hw-mul\libc.a(lib_a-stdio.o)
 .text.__sread  0x0000000000022000       0x54 c:/intelfpga_lite/22.1std/nios2eds/bin/gnu/h-x86_64-mingw32/bin/../lib/gcc/nios2-elf/12.2.1/../../../../../H-x86_64-mingw32/nios2-elf/lib/mno-hw-mul\libc.a(lib_a-stdio.o)
                0x0000000000022000                __sread
 .text.__seofread
                0x0000000000022054        0x8 c:/intelfpga_lite/22.1std/nios2eds/bin/gnu/h-x86_64-mingw32/bin/../lib/gcc/nios2-elf/12.2.1/../../../../../H-x86_64-mingw32/nios2-elf/lib/mno-hw-mul\libc.a(lib_a-stdio.o)
                0x0000000000022054                __seofread
 .text.__swrite
                0x000000000002205c       0x80 c:/intelfpga_lite/22.1std/nios2eds/bin/gnu/h-x86_64-mingw32/bin/../lib/gcc/nios2-elf/12.2.1/../../../../../H-x86_64-mingw32/nios2-elf/lib/mno-hw-mul\libc.a(lib_a-stdio.o)
                0x000000000002205c                __swrite
 .text.__sseek  0x00000000000220dc       0x5c c:/intelfpga_lite/22.1std/nios2eds/bin/gnu/h-x86_64-mingw32/bin/../lib/gcc/nios2-elf/12.2.1/../../../../../H-x86_64-mingw32/nios2-elf/lib/mno-hw-mul\libc.a(lib_a-stdio.o)
                0x00000000000220dc                __sseek
 .text.__sclose
                0x0000000000022138        0x8 c:/intelfpga_lite/22.1std/nios2eds/bin/gnu/h-x86_64-mingw32/bin/../lib/gcc/nios2-elf/12.2.1/../../../../../H-x86_64-mingw32/nios2-elf/lib/mno-hw-mul\libc.a(lib_a-stdio.o)
                0x0000000000022138                __sclose
 .text          0x0000000000022140        0x0 c:/intelfpga_lite/22.1std/nios2eds/bin/gnu/h-x86_64-mingw32/bin/../lib/gcc/nios2-elf/12.2.1/../../../../../H-x86_64-mingw32/nios2-elf/lib/mno-hw-mul\libc.a(lib_a-writer.o)
 .text._write_r
                0x0000000000022140       0x64 c:/intelfpga_lite/22.1std/nios2eds/bin/gnu/h-x86_64-mingw32/bin/../lib/gcc/nios2-elf/12.2.1/../../../../../H-x86_64-mingw32/nios2-elf/lib/mno-hw-mul\libc.a(lib_a-writer.o)
                0x0000000000022140                _write_r
 .text          0x00000000000221a4        0x0 c:/intelfpga_lite/22.1std/nios2eds/bin/gnu/h-x86_64-mingw32/bin/../lib/gcc/nios2-elf/12.2.1/../../../../../H-x86_64-mingw32/nios2-elf/lib/mno-hw-mul\libc.a(lib_a-wsetup.o)
 .text.__swsetup_r
                0x00000000000221a4      0x14c c:/intelfpga_lite/22.1std/nios2eds/bin/gnu/h-x86_64-mingw32/bin/../lib/gcc/nios2-elf/12.2.1/../../../../../H-x86_64-mingw32/nios2-elf/lib/mno-hw-mul\libc.a(lib_a-wsetup.o)
                0x00000000000221a4                __swsetup_r
 .text          0x00000000000222f0        0x0 c:/intelfpga_lite/22.1std/nios2eds/bin/gnu/h-x86_64-mingw32/bin/../lib/gcc/nios2-elf/12.2.1/../../../../../H-x86_64-mingw32/nios2-elf/lib/mno-hw-mul\libc.a(closer.o)
 .text._close_r
                0x00000000000222f0       0x58 c:/intelfpga_lite/22.1std/nios2eds/bin/gnu/h-x86_64-mingw32/bin/../lib/gcc/nios2-elf/12.2.1/../../../../../H-x86_64-mingw32/nios2-elf/lib/mno-hw-mul\libc.a(closer.o)
                0x00000000000222f0                _close_r
 .text          0x0000000000022348        0x0 c:/intelfpga_lite/22.1std/nios2eds/bin/gnu/h-x86_64-mingw32/bin/../lib/gcc/nios2-elf/12.2.1/../../../../../H-x86_64-mingw32/nios2-elf/lib/mno-hw-mul\libc.a(lib_a-fclose.o)
 .text._fclose_r
                0x0000000000022348       0xf8 c:/intelfpga_lite/22.1std/nios2eds/bin/gnu/h-x86_64-mingw32/bin/../lib/gcc/nios2-elf/12.2.1/../../../../../H-x86_64-mingw32/nios2-elf/lib/mno-hw-mul\libc.a(lib_a-fclose.o)
                0x0000000000022348                _fclose_r
 .text.fclose   0x0000000000022440       0x10 c:/intelfpga_lite/22.1std/nios2eds/bin/gnu/h-x86_64-mingw32/bin/../lib/gcc/nios2-elf/12.2.1/../../../../../H-x86_64-mingw32/nios2-elf/lib/mno-hw-mul\libc.a(lib_a-fclose.o)
                0x0000000000022440                fclose
 .text          0x0000000000022450        0x0 c:/intelfpga_lite/22.1std/nios2eds/bin/gnu/h-x86_64-mingw32/bin/../lib/gcc/nios2-elf/12.2.1/../../../../../H-x86_64-mingw32/nios2-elf/lib/mno-hw-mul\libc.a(lib_a-fflush.o)
 .text.__sflush_r
                0x0000000000022450      0x208 c:/intelfpga_lite/22.1std/nios2eds/bin/gnu/h-x86_64-mingw32/bin/../lib/gcc/nios2-elf/12.2.1/../../../../../H-x86_64-mingw32/nios2-elf/lib/mno-hw-mul\libc.a(lib_a-fflush.o)
                0x0000000000022450                __sflush_r
 .text._fflush_r
                0x0000000000022658       0x60 c:/intelfpga_lite/22.1std/nios2eds/bin/gnu/h-x86_64-mingw32/bin/../lib/gcc/nios2-elf/12.2.1/../../../../../H-x86_64-mingw32/nios2-elf/lib/mno-hw-mul\libc.a(lib_a-fflush.o)
                0x0000000000022658                _fflush_r
 .text.fflush   0x00000000000226b8       0x84 c:/intelfpga_lite/22.1std/nios2eds/bin/gnu/h-x86_64-mingw32/bin/../lib/gcc/nios2-elf/12.2.1/../../../../../H-x86_64-mingw32/nios2-elf/lib/mno-hw-mul\libc.a(lib_a-fflush.o)
                0x00000000000226b8                fflush
 .text          0x000000000002273c        0x0 c:/intelfpga_lite/22.1std/nios2eds/bin/gnu/h-x86_64-mingw32/bin/../lib/gcc/nios2-elf/12.2.1/../../../../../H-x86_64-mingw32/nios2-elf/lib/mno-hw-mul\libc.a(lib_a-freer.o)
 .text._malloc_trim_r
                0x000000000002273c      0x124 c:/intelfpga_lite/22.1std/nios2eds/bin/gnu/h-x86_64-mingw32/bin/../lib/gcc/nios2-elf/12.2.1/../../../../../H-x86_64-mingw32/nios2-elf/lib/mno-hw-mul\libc.a(lib_a-freer.o)
                0x000000000002273c                _malloc_trim_r
 .text._free_r  0x0000000000022860      0x308 c:/intelfpga_lite/22.1std/nios2eds/bin/gnu/h-x86_64-mingw32/bin/../lib/gcc/nios2-elf/12.2.1/../../../../../H-x86_64-mingw32/nios2-elf/lib/mno-hw-mul\libc.a(lib_a-freer.o)
                0x0000000000022860                _free_r
 .text          0x0000000000022b68        0x0 c:/intelfpga_lite/22.1std/nios2eds/bin/gnu/h-x86_64-mingw32/bin/../lib/gcc/nios2-elf/12.2.1/../../../../../H-x86_64-mingw32/nios2-elf/lib/mno-hw-mul\libc.a(lib_a-int_errno.o)
 .text          0x0000000000022b68        0x0 c:/intelfpga_lite/22.1std/nios2eds/bin/gnu/h-x86_64-mingw32/bin/../lib/gcc/nios2-elf/12.2.1/../../../../../H-x86_64-mingw32/nios2-elf/lib/mno-hw-mul\libc.a(lib_a-lseekr.o)
 .text._lseek_r
                0x0000000000022b68       0x64 c:/intelfpga_lite/22.1std/nios2eds/bin/gnu/h-x86_64-mingw32/bin/../lib/gcc/nios2-elf/12.2.1/../../../../../H-x86_64-mingw32/nios2-elf/lib/mno-hw-mul\libc.a(lib_a-lseekr.o)
                0x0000000000022b68                _lseek_r
 .text          0x0000000000022bcc        0x0 c:/intelfpga_lite/22.1std/nios2eds/bin/gnu/h-x86_64-mingw32/bin/../lib/gcc/nios2-elf/12.2.1/../../../../../H-x86_64-mingw32/nios2-elf/lib/mno-hw-mul\libc.a(lib_a-makebuf.o)
 .text.__smakebuf_r
                0x0000000000022bcc      0x1a0 c:/intelfpga_lite/22.1std/nios2eds/bin/gnu/h-x86_64-mingw32/bin/../lib/gcc/nios2-elf/12.2.1/../../../../../H-x86_64-mingw32/nios2-elf/lib/mno-hw-mul\libc.a(lib_a-makebuf.o)
                0x0000000000022bcc                __smakebuf_r
 .text.__swhatbuf_r
                0x0000000000022d6c       0x8c c:/intelfpga_lite/22.1std/nios2eds/bin/gnu/h-x86_64-mingw32/bin/../lib/gcc/nios2-elf/12.2.1/../../../../../H-x86_64-mingw32/nios2-elf/lib/mno-hw-mul\libc.a(lib_a-makebuf.o)
                0x0000000000022d6c                __swhatbuf_r
 .text          0x0000000000022df8        0x0 c:/intelfpga_lite/22.1std/nios2eds/bin/gnu/h-x86_64-mingw32/bin/../lib/gcc/nios2-elf/12.2.1/../../../../../H-x86_64-mingw32/nios2-elf/lib/mno-hw-mul\libc.a(lib_a-readr.o)
 .text._read_r  0x0000000000022df8       0x64 c:/intelfpga_lite/22.1std/nios2eds/bin/gnu/h-x86_64-mingw32/bin/../lib/gcc/nios2-elf/12.2.1/../../../../../H-x86_64-mingw32/nios2-elf/lib/mno-hw-mul\libc.a(lib_a-readr.o)
                0x0000000000022df8                _read_r
 .text          0x0000000000022e5c        0x0 c:/intelfpga_lite/22.1std/nios2eds/bin/gnu/h-x86_64-mingw32/bin/../lib/gcc/nios2-elf/12.2.1/../../../../../H-x86_64-mingw32/nios2-elf/lib/mno-hw-mul\libc.a(lib_a-fstatr.o)
 .text._fstat_r
                0x0000000000022e5c       0x60 c:/intelfpga_lite/22.1std/nios2eds/bin/gnu/h-x86_64-mingw32/bin/../lib/gcc/nios2-elf/12.2.1/../../../../../H-x86_64-mingw32/nios2-elf/lib/mno-hw-mul\libc.a(lib_a-fstatr.o)
                0x0000000000022e5c                _fstat_r
 .text          0x0000000000022ebc        0x0 c:/intelfpga_lite/22.1std/nios2eds/bin/gnu/h-x86_64-mingw32/bin/../lib/gcc/nios2-elf/12.2.1/../../../../../H-x86_64-mingw32/nios2-elf/lib/mno-hw-mul\libc.a(lib_a-isattyr.o)
 .text._isatty_r
                0x0000000000022ebc       0x58 c:/intelfpga_lite/22.1std/nios2eds/bin/gnu/h-x86_64-mingw32/bin/../lib/gcc/nios2-elf/12.2.1/../../../../../H-x86_64-mingw32/nios2-elf/lib/mno-hw-mul\libc.a(lib_a-isattyr.o)
                0x0000000000022ebc                _isatty_r
 .text          0x0000000000022f14      0x1b4 c:/intelfpga_lite/22.1std/nios2eds/bin/gnu/h-x86_64-mingw32/bin/../lib/gcc/nios2-elf/12.2.1/mno-hw-mul\libgcc.a(lib2-divmod.o)
                0x0000000000022f14                __divsi3
                0x0000000000022f94                __modsi3
                0x0000000000023008                __udivsi3
                0x000000000002306c                __umodsi3
 .text          0x00000000000230c8       0x28 c:/intelfpga_lite/22.1std/nios2eds/bin/gnu/h-x86_64-mingw32/bin/../lib/gcc/nios2-elf/12.2.1/mno-hw-mul\libgcc.a(lib2-mul.o)
                0x00000000000230c8                __mulsi3
 .text          0x00000000000230f0      0x118 c:/ECE496_FPGA/FPGA-Accelerated-SERDES-Simulation-System/Software_workspace/software/Uart_test_bsp/\libhal_bsp.a(alt_close.o)
                0x000000000002312c                close
 .text          0x0000000000023208       0x2c c:/ECE496_FPGA/FPGA-Accelerated-SERDES-Simulation-System/Software_workspace/software/Uart_test_bsp/\libhal_bsp.a(alt_dev.o)
 .text          0x0000000000023234        0x0 c:/ECE496_FPGA/FPGA-Accelerated-SERDES-Simulation-System/Software_workspace/software/Uart_test_bsp/\libhal_bsp.a(alt_errno.o)
 .text          0x0000000000023234       0xf8 c:/ECE496_FPGA/FPGA-Accelerated-SERDES-Simulation-System/Software_workspace/software/Uart_test_bsp/\libhal_bsp.a(alt_fstat.o)
                0x0000000000023270                fstat
 .text          0x000000000002332c       0xec c:/ECE496_FPGA/FPGA-Accelerated-SERDES-Simulation-System/Software_workspace/software/Uart_test_bsp/\libhal_bsp.a(alt_isatty.o)
                0x0000000000023368                isatty
 .text          0x0000000000023418       0xec c:/ECE496_FPGA/FPGA-Accelerated-SERDES-Simulation-System/Software_workspace/software/Uart_test_bsp/\libhal_bsp.a(alt_load.o)
                0x0000000000023480                alt_load
 .text          0x0000000000023504      0x11c c:/ECE496_FPGA/FPGA-Accelerated-SERDES-Simulation-System/Software_workspace/software/Uart_test_bsp/\libhal_bsp.a(alt_lseek.o)
                0x0000000000023540                lseek
 .text          0x0000000000023620       0x7c c:/ECE496_FPGA/FPGA-Accelerated-SERDES-Simulation-System/Software_workspace/software/Uart_test_bsp/\libhal_bsp.a(alt_main.o)
                0x0000000000023620                alt_main
 .text          0x000000000002369c       0x48 c:/ECE496_FPGA/FPGA-Accelerated-SERDES-Simulation-System/Software_workspace/software/Uart_test_bsp/\libhal_bsp.a(alt_malloc_lock.o)
                0x000000000002369c                __malloc_lock
                0x00000000000236c0                __malloc_unlock
 .text          0x00000000000236e4      0x144 c:/ECE496_FPGA/FPGA-Accelerated-SERDES-Simulation-System/Software_workspace/software/Uart_test_bsp/\libhal_bsp.a(alt_read.o)
                0x0000000000023720                read
 .text          0x0000000000023828       0x70 c:/ECE496_FPGA/FPGA-Accelerated-SERDES-Simulation-System/Software_workspace/software/Uart_test_bsp/\libhal_bsp.a(alt_release_fd.o)
                0x0000000000023828                alt_release_fd
 .text          0x0000000000023898       0xb8 c:/ECE496_FPGA/FPGA-Accelerated-SERDES-Simulation-System/Software_workspace/software/Uart_test_bsp/\libhal_bsp.a(alt_sbrk.o)
                0x0000000000023898                sbrk
 .text          0x0000000000023950      0x140 c:/ECE496_FPGA/FPGA-Accelerated-SERDES-Simulation-System/Software_workspace/software/Uart_test_bsp/\libhal_bsp.a(alt_write.o)
                0x000000000002398c                write
 .text          0x0000000000023a90       0xb8 c:/ECE496_FPGA/FPGA-Accelerated-SERDES-Simulation-System/Software_workspace/software/Uart_test_bsp/\libhal_bsp.a(alt_sys_init.o)
                0x0000000000023ac4                alt_irq_init
                0x0000000000023b00                alt_sys_init
 .text          0x0000000000023b48      0x110 c:/ECE496_FPGA/FPGA-Accelerated-SERDES-Simulation-System/Software_workspace/software/Uart_test_bsp/\libhal_bsp.a(altera_avalon_uart_fd.o)
                0x0000000000023b48                altera_avalon_uart_read_fd
                0x0000000000023ba8                altera_avalon_uart_write_fd
                0x0000000000023c08                altera_avalon_uart_close_fd
 .text          0x0000000000023c58      0x3c0 c:/ECE496_FPGA/FPGA-Accelerated-SERDES-Simulation-System/Software_workspace/software/Uart_test_bsp/\libhal_bsp.a(altera_avalon_uart_init.o)
                0x0000000000023c58                altera_avalon_uart_init
                0x0000000000023fc4                altera_avalon_uart_close
 .text          0x0000000000024018      0x224 c:/ECE496_FPGA/FPGA-Accelerated-SERDES-Simulation-System/Software_workspace/software/Uart_test_bsp/\libhal_bsp.a(altera_avalon_uart_read.o)
                0x0000000000024054                altera_avalon_uart_read
 .text          0x000000000002423c      0x1f0 c:/ECE496_FPGA/FPGA-Accelerated-SERDES-Simulation-System/Software_workspace/software/Uart_test_bsp/\libhal_bsp.a(altera_avalon_uart_write.o)
                0x0000000000024278                altera_avalon_uart_write
 .text          0x000000000002442c       0x20 c:/ECE496_FPGA/FPGA-Accelerated-SERDES-Simulation-System/Software_workspace/software/Uart_test_bsp/\libhal_bsp.a(alt_dcache_flush_all.o)
                0x000000000002442c                alt_dcache_flush_all
 .text          0x000000000002444c       0xe4 c:/ECE496_FPGA/FPGA-Accelerated-SERDES-Simulation-System/Software_workspace/software/Uart_test_bsp/\libhal_bsp.a(alt_dev_llist_insert.o)
                0x0000000000024488                alt_dev_llist_insert
 .text          0x0000000000024530       0x64 c:/ECE496_FPGA/FPGA-Accelerated-SERDES-Simulation-System/Software_workspace/software/Uart_test_bsp/\libhal_bsp.a(alt_do_ctors.o)
                0x0000000000024530                _do_ctors
 .text          0x0000000000024594       0x64 c:/ECE496_FPGA/FPGA-Accelerated-SERDES-Simulation-System/Software_workspace/software/Uart_test_bsp/\libhal_bsp.a(alt_do_dtors.o)
                0x0000000000024594                _do_dtors
 .text          0x00000000000245f8       0x20 c:/ECE496_FPGA/FPGA-Accelerated-SERDES-Simulation-System/Software_workspace/software/Uart_test_bsp/\libhal_bsp.a(alt_icache_flush_all.o)
                0x00000000000245f8                alt_icache_flush_all
 .text          0x0000000000024618      0x1b0 c:/ECE496_FPGA/FPGA-Accelerated-SERDES-Simulation-System/Software_workspace/software/Uart_test_bsp/\libhal_bsp.a(alt_iic.o)
                0x0000000000024618                alt_ic_isr_register
                0x0000000000024668                alt_ic_irq_enable
                0x00000000000246f0                alt_ic_irq_disable
                0x000000000002477c                alt_ic_irq_enabled
 .text          0x00000000000247c8       0xe8 c:/ECE496_FPGA/FPGA-Accelerated-SERDES-Simulation-System/Software_workspace/software/Uart_test_bsp/\libhal_bsp.a(alt_iic_isr_register.o)
                0x00000000000247c8                alt_iic_isr_register
 .text          0x00000000000248b0      0x150 c:/ECE496_FPGA/FPGA-Accelerated-SERDES-Simulation-System/Software_workspace/software/Uart_test_bsp/\libhal_bsp.a(alt_io_redirect.o)
                0x0000000000024984                alt_io_redirect
 .text          0x0000000000024a00        0x0 c:/ECE496_FPGA/FPGA-Accelerated-SERDES-Simulation-System/Software_workspace/software/Uart_test_bsp/\libhal_bsp.a(alt_irq_entry.o)
 .text          0x0000000000024a00        0x0 c:/ECE496_FPGA/FPGA-Accelerated-SERDES-Simulation-System/Software_workspace/software/Uart_test_bsp/\libhal_bsp.a(alt_irq_handler.o)
 .text          0x0000000000024a00        0x0 c:/ECE496_FPGA/FPGA-Accelerated-SERDES-Simulation-System/Software_workspace/software/Uart_test_bsp/\libhal_bsp.a(alt_irq_vars.o)
 .text          0x0000000000024a00      0x278 c:/ECE496_FPGA/FPGA-Accelerated-SERDES-Simulation-System/Software_workspace/software/Uart_test_bsp/\libhal_bsp.a(alt_open.o)
                0x0000000000024b18                open
 .text          0x0000000000024c78       0x24 c:/ECE496_FPGA/FPGA-Accelerated-SERDES-Simulation-System/Software_workspace/software/Uart_test_bsp/\libhal_bsp.a(altera_nios2_gen2_irq.o)
                0x0000000000024c78                altera_nios2_gen2_irq_init
 .text          0x0000000000024c9c        0x0 c:/ECE496_FPGA/FPGA-Accelerated-SERDES-Simulation-System/Software_workspace/software/Uart_test_bsp/\libhal_bsp.a(alt_exception_entry.o)
 .text          0x0000000000024c9c       0x90 c:/ECE496_FPGA/FPGA-Accelerated-SERDES-Simulation-System/Software_workspace/software/Uart_test_bsp/\libhal_bsp.a(alt_find_dev.o)
                0x0000000000024c9c                alt_find_dev
 .text          0x0000000000024d2c      0x108 c:/ECE496_FPGA/FPGA-Accelerated-SERDES-Simulation-System/Software_workspace/software/Uart_test_bsp/\libhal_bsp.a(alt_find_file.o)
                0x0000000000024d2c                alt_find_file
 .text          0x0000000000024e34       0xb8 c:/ECE496_FPGA/FPGA-Accelerated-SERDES-Simulation-System/Software_workspace/software/Uart_test_bsp/\libhal_bsp.a(alt_get_fd.o)
                0x0000000000024e34                alt_get_fd
 .text          0x0000000000024eec       0x74 c:/ECE496_FPGA/FPGA-Accelerated-SERDES-Simulation-System/Software_workspace/software/Uart_test_bsp/\libhal_bsp.a(alt_instruction_exception_entry.o)
                0x0000000000024eec                alt_exception_cause_generated_bad_addr
 .text          0x0000000000024f60        0x0 c:/intelfpga_lite/22.1std/nios2eds/bin/gnu/h-x86_64-mingw32/bin/../lib/gcc/nios2-elf/12.2.1/../../../../../H-x86_64-mingw32/nios2-elf/lib/mno-hw-mul\libc.a(lib_a-atexit.o)
 .text.atexit   0x0000000000024f60       0x14 c:/intelfpga_lite/22.1std/nios2eds/bin/gnu/h-x86_64-mingw32/bin/../lib/gcc/nios2-elf/12.2.1/../../../../../H-x86_64-mingw32/nios2-elf/lib/mno-hw-mul\libc.a(lib_a-atexit.o)
                0x0000000000024f60                atexit
 .text          0x0000000000024f74        0x0 c:/intelfpga_lite/22.1std/nios2eds/bin/gnu/h-x86_64-mingw32/bin/../lib/gcc/nios2-elf/12.2.1/../../../../../H-x86_64-mingw32/nios2-elf/lib/mno-hw-mul\libc.a(lib_a-exit.o)
 .text.exit     0x0000000000024f74       0x34 c:/intelfpga_lite/22.1std/nios2eds/bin/gnu/h-x86_64-mingw32/bin/../lib/gcc/nios2-elf/12.2.1/../../../../../H-x86_64-mingw32/nios2-elf/lib/mno-hw-mul\libc.a(lib_a-exit.o)
                0x0000000000024f74                exit
 .text          0x0000000000024fa8        0x0 c:/intelfpga_lite/22.1std/nios2eds/bin/gnu/h-x86_64-mingw32/bin/../lib/gcc/nios2-elf/12.2.1/../../../../../H-x86_64-mingw32/nios2-elf/lib/mno-hw-mul\libc.a(lib_a-memcmp.o)
 .text.memcmp   0x0000000000024fa8       0x78 c:/intelfpga_lite/22.1std/nios2eds/bin/gnu/h-x86_64-mingw32/bin/../lib/gcc/nios2-elf/12.2.1/../../../../../H-x86_64-mingw32/nios2-elf/lib/mno-hw-mul\libc.a(lib_a-memcmp.o)
                0x0000000000024fa8                memcmp
 .text          0x0000000000025020        0x0 c:/intelfpga_lite/22.1std/nios2eds/bin/gnu/h-x86_64-mingw32/bin/../lib/gcc/nios2-elf/12.2.1/../../../../../H-x86_64-mingw32/nios2-elf/lib/mno-hw-mul\libc.a(lib_a-__atexit.o)
 .text.__register_exitproc
                0x0000000000025020       0x90 c:/intelfpga_lite/22.1std/nios2eds/bin/gnu/h-x86_64-mingw32/bin/../lib/gcc/nios2-elf/12.2.1/../../../../../H-x86_64-mingw32/nios2-elf/lib/mno-hw-mul\libc.a(lib_a-__atexit.o)
                0x0000000000025020                __register_exitproc
 .text          0x00000000000250b0        0x0 c:/intelfpga_lite/22.1std/nios2eds/bin/gnu/h-x86_64-mingw32/bin/../lib/gcc/nios2-elf/12.2.1/../../../../../H-x86_64-mingw32/nios2-elf/lib/mno-hw-mul\libc.a(lib_a-__call_atexit.o)
 .text.__call_exitprocs
                0x00000000000250b0      0x120 c:/intelfpga_lite/22.1std/nios2eds/bin/gnu/h-x86_64-mingw32/bin/../lib/gcc/nios2-elf/12.2.1/../../../../../H-x86_64-mingw32/nios2-elf/lib/mno-hw-mul\libc.a(lib_a-__call_atexit.o)
                0x00000000000250b0                __call_exitprocs
 .text          0x00000000000251d0       0x3c c:/ECE496_FPGA/FPGA-Accelerated-SERDES-Simulation-System/Software_workspace/software/Uart_test_bsp/\libhal_bsp.a(alt_exit.o)
                0x00000000000251d0                _exit
 *(.gnu.warning.*)
 *(.fini)
                [!provide]                        PROVIDE (__etext = ABSOLUTE (.))
                [!provide]                        PROVIDE (_etext = ABSOLUTE (.))
                [!provide]                        PROVIDE (etext = ABSOLUTE (.))
 *(.eh_frame_hdr)
                0x000000000002520c                . = ALIGN (0x4)
                [!provide]                        PROVIDE (__preinit_array_start = ABSOLUTE (.))
 *(.preinit_array)
                [!provide]                        PROVIDE (__preinit_array_end = ABSOLUTE (.))
                [!provide]                        PROVIDE (__init_array_start = ABSOLUTE (.))
 *(.init_array)
                [!provide]                        PROVIDE (__init_array_end = ABSOLUTE (.))
                [!provide]                        PROVIDE (__fini_array_start = ABSOLUTE (.))
 *(.fini_array)
                [!provide]                        PROVIDE (__fini_array_end = ABSOLUTE (.))
 *(.eh_frame)
 *(.gcc_except_table .gcc_except_table.*)
 *(.dynamic)
                0x000000000002520c                PROVIDE (__CTOR_LIST__ = ABSOLUTE (.))
 *(.ctors)
 *(SORT_BY_NAME(.ctors.*))
                0x000000000002520c                PROVIDE (__CTOR_END__ = ABSOLUTE (.))
                0x000000000002520c                PROVIDE (__DTOR_LIST__ = ABSOLUTE (.))
 *(.dtors)
 *(SORT_BY_NAME(.dtors.*))
                0x000000000002520c                PROVIDE (__DTOR_END__ = ABSOLUTE (.))
 *(.jcr)
                0x000000000002520c                . = ALIGN (0x4)

.rodata         0x000000000002520c       0x3c
                0x000000000002520c                PROVIDE (__ram_rodata_start = ABSOLUTE (.))
                0x000000000002520c                . = ALIGN (0x4)
 *(.rodata .rodata.* .gnu.linkonce.r.*)
 .rodata        0x000000000002520c       0x14 obj/default/hello_world.o
 .rodata._puts_r.str1.4
                0x0000000000025220        0x2 c:/intelfpga_lite/22.1std/nios2eds/bin/gnu/h-x86_64-mingw32/bin/../lib/gcc/nios2-elf/12.2.1/../../../../../H-x86_64-mingw32/nios2-elf/lib/mno-hw-mul\libc.a(lib_a-puts.o)
 *fill*         0x0000000000025222        0x2 
 .rodata        0x0000000000025224        0xa c:/ECE496_FPGA/FPGA-Accelerated-SERDES-Simulation-System/Software_workspace/software/Uart_test_bsp/\libhal_bsp.a(alt_dev.o)
 *fill*         0x000000000002522e        0x2 
 .rodata        0x0000000000025230        0xc c:/ECE496_FPGA/FPGA-Accelerated-SERDES-Simulation-System/Software_workspace/software/Uart_test_bsp/\libhal_bsp.a(alt_main.o)
 .rodata        0x000000000002523c        0xc c:/ECE496_FPGA/FPGA-Accelerated-SERDES-Simulation-System/Software_workspace/software/Uart_test_bsp/\libhal_bsp.a(alt_sys_init.o)
 *(.rodata1)
                0x0000000000025248                . = ALIGN (0x4)
                0x0000000000025248                PROVIDE (__ram_rodata_end = ABSOLUTE (.))
                0x000000000002520c                PROVIDE (__flash_rodata_start = LOADADDR (.rodata))

.rwdata         0x0000000000025248      0xac8 load address 0x0000000000025d10
                0x0000000000025248                PROVIDE (__ram_rwdata_start = ABSOLUTE (.))
                0x0000000000025248                . = ALIGN (0x4)
 *(.got.plt)
 *(.got)
 *(.data1)
 *(.data .data.* .gnu.linkonce.d.*)
 .data          0x0000000000025248        0x0 c:/ECE496_FPGA/FPGA-Accelerated-SERDES-Simulation-System/Software_workspace/software/Uart_test_bsp//obj/HAL/src/crt0.o
 .data          0x0000000000025248        0x0 obj/default/hello_world.o
 .data          0x0000000000025248        0x0 c:/intelfpga_lite/22.1std/nios2eds/bin/gnu/h-x86_64-mingw32/bin/../lib/gcc/nios2-elf/12.2.1/../../../../../H-x86_64-mingw32/nios2-elf/lib/mno-hw-mul\libc.a(lib_a-puts.o)
 .data          0x0000000000025248        0x0 c:/intelfpga_lite/22.1std/nios2eds/bin/gnu/h-x86_64-mingw32/bin/../lib/gcc/nios2-elf/12.2.1/../../../../../H-x86_64-mingw32/nios2-elf/lib/mno-hw-mul\libc.a(lib_a-strlen.o)
 .data          0x0000000000025248        0x0 c:/intelfpga_lite/22.1std/nios2eds/bin/gnu/h-x86_64-mingw32/bin/../lib/gcc/nios2-elf/12.2.1/../../../../../H-x86_64-mingw32/nios2-elf/lib/mno-hw-mul\libc.a(lib_a-findfp.o)
 .data          0x0000000000025248        0x0 c:/intelfpga_lite/22.1std/nios2eds/bin/gnu/h-x86_64-mingw32/bin/../lib/gcc/nios2-elf/12.2.1/../../../../../H-x86_64-mingw32/nios2-elf/lib/mno-hw-mul\libc.a(lib_a-fvwrite.o)
 .data          0x0000000000025248        0x0 c:/intelfpga_lite/22.1std/nios2eds/bin/gnu/h-x86_64-mingw32/bin/../lib/gcc/nios2-elf/12.2.1/../../../../../H-x86_64-mingw32/nios2-elf/lib/mno-hw-mul\libc.a(lib_a-fwalk.o)
 .data          0x0000000000025248        0x0 c:/intelfpga_lite/22.1std/nios2eds/bin/gnu/h-x86_64-mingw32/bin/../lib/gcc/nios2-elf/12.2.1/../../../../../H-x86_64-mingw32/nios2-elf/lib/mno-hw-mul\libc.a(lib_a-impure.o)
 .data.impure_data
                0x0000000000025248      0x424 c:/intelfpga_lite/22.1std/nios2eds/bin/gnu/h-x86_64-mingw32/bin/../lib/gcc/nios2-elf/12.2.1/../../../../../H-x86_64-mingw32/nios2-elf/lib/mno-hw-mul\libc.a(lib_a-impure.o)
 .data          0x000000000002566c        0x0 c:/intelfpga_lite/22.1std/nios2eds/bin/gnu/h-x86_64-mingw32/bin/../lib/gcc/nios2-elf/12.2.1/../../../../../H-x86_64-mingw32/nios2-elf/lib/mno-hw-mul\libc.a(lib_a-mallocr.o)
 .data.__malloc_av_
                0x000000000002566c      0x408 c:/intelfpga_lite/22.1std/nios2eds/bin/gnu/h-x86_64-mingw32/bin/../lib/gcc/nios2-elf/12.2.1/../../../../../H-x86_64-mingw32/nios2-elf/lib/mno-hw-mul\libc.a(lib_a-mallocr.o)
                0x000000000002566c                __malloc_av_
 .data          0x0000000000025a74        0x0 c:/intelfpga_lite/22.1std/nios2eds/bin/gnu/h-x86_64-mingw32/bin/../lib/gcc/nios2-elf/12.2.1/../../../../../H-x86_64-mingw32/nios2-elf/lib/mno-hw-mul\libc.a(lib_a-memchr.o)
 .data          0x0000000000025a74        0x0 c:/intelfpga_lite/22.1std/nios2eds/bin/gnu/h-x86_64-mingw32/bin/../lib/gcc/nios2-elf/12.2.1/../../../../../H-x86_64-mingw32/nios2-elf/lib/mno-hw-mul\libc.a(lib_a-memcpy.o)
 .data          0x0000000000025a74        0x0 c:/intelfpga_lite/22.1std/nios2eds/bin/gnu/h-x86_64-mingw32/bin/../lib/gcc/nios2-elf/12.2.1/../../../../../H-x86_64-mingw32/nios2-elf/lib/mno-hw-mul\libc.a(lib_a-memmove.o)
 .data          0x0000000000025a74        0x0 c:/intelfpga_lite/22.1std/nios2eds/bin/gnu/h-x86_64-mingw32/bin/../lib/gcc/nios2-elf/12.2.1/../../../../../H-x86_64-mingw32/nios2-elf/lib/mno-hw-mul\libc.a(lib_a-memset.o)
 .data          0x0000000000025a74        0x0 c:/intelfpga_lite/22.1std/nios2eds/bin/gnu/h-x86_64-mingw32/bin/../lib/gcc/nios2-elf/12.2.1/../../../../../H-x86_64-mingw32/nios2-elf/lib/mno-hw-mul\libc.a(lib_a-reallocr.o)
 .data          0x0000000000025a74        0x0 c:/intelfpga_lite/22.1std/nios2eds/bin/gnu/h-x86_64-mingw32/bin/../lib/gcc/nios2-elf/12.2.1/../../../../../H-x86_64-mingw32/nios2-elf/lib/mno-hw-mul\libc.a(lib_a-sbrkr.o)
 .data          0x0000000000025a74        0x0 c:/intelfpga_lite/22.1std/nios2eds/bin/gnu/h-x86_64-mingw32/bin/../lib/gcc/nios2-elf/12.2.1/../../../../../H-x86_64-mingw32/nios2-elf/lib/mno-hw-mul\libc.a(lib_a-stdio.o)
 .data          0x0000000000025a74        0x0 c:/intelfpga_lite/22.1std/nios2eds/bin/gnu/h-x86_64-mingw32/bin/../lib/gcc/nios2-elf/12.2.1/../../../../../H-x86_64-mingw32/nios2-elf/lib/mno-hw-mul\libc.a(lib_a-writer.o)
 .data          0x0000000000025a74        0x0 c:/intelfpga_lite/22.1std/nios2eds/bin/gnu/h-x86_64-mingw32/bin/../lib/gcc/nios2-elf/12.2.1/../../../../../H-x86_64-mingw32/nios2-elf/lib/mno-hw-mul\libc.a(lib_a-wsetup.o)
 .data          0x0000000000025a74        0x0 c:/intelfpga_lite/22.1std/nios2eds/bin/gnu/h-x86_64-mingw32/bin/../lib/gcc/nios2-elf/12.2.1/../../../../../H-x86_64-mingw32/nios2-elf/lib/mno-hw-mul\libc.a(closer.o)
 .data          0x0000000000025a74        0x0 c:/intelfpga_lite/22.1std/nios2eds/bin/gnu/h-x86_64-mingw32/bin/../lib/gcc/nios2-elf/12.2.1/../../../../../H-x86_64-mingw32/nios2-elf/lib/mno-hw-mul\libc.a(lib_a-fclose.o)
 .data          0x0000000000025a74        0x0 c:/intelfpga_lite/22.1std/nios2eds/bin/gnu/h-x86_64-mingw32/bin/../lib/gcc/nios2-elf/12.2.1/../../../../../H-x86_64-mingw32/nios2-elf/lib/mno-hw-mul\libc.a(lib_a-fflush.o)
 .data          0x0000000000025a74        0x0 c:/intelfpga_lite/22.1std/nios2eds/bin/gnu/h-x86_64-mingw32/bin/../lib/gcc/nios2-elf/12.2.1/../../../../../H-x86_64-mingw32/nios2-elf/lib/mno-hw-mul\libc.a(lib_a-freer.o)
 .data          0x0000000000025a74        0x0 c:/intelfpga_lite/22.1std/nios2eds/bin/gnu/h-x86_64-mingw32/bin/../lib/gcc/nios2-elf/12.2.1/../../../../../H-x86_64-mingw32/nios2-elf/lib/mno-hw-mul\libc.a(lib_a-int_errno.o)
 .data          0x0000000000025a74        0x0 c:/intelfpga_lite/22.1std/nios2eds/bin/gnu/h-x86_64-mingw32/bin/../lib/gcc/nios2-elf/12.2.1/../../../../../H-x86_64-mingw32/nios2-elf/lib/mno-hw-mul\libc.a(lib_a-lseekr.o)
 .data          0x0000000000025a74        0x0 c:/intelfpga_lite/22.1std/nios2eds/bin/gnu/h-x86_64-mingw32/bin/../lib/gcc/nios2-elf/12.2.1/../../../../../H-x86_64-mingw32/nios2-elf/lib/mno-hw-mul\libc.a(lib_a-makebuf.o)
 .data          0x0000000000025a74        0x0 c:/intelfpga_lite/22.1std/nios2eds/bin/gnu/h-x86_64-mingw32/bin/../lib/gcc/nios2-elf/12.2.1/../../../../../H-x86_64-mingw32/nios2-elf/lib/mno-hw-mul\libc.a(lib_a-readr.o)
 .data          0x0000000000025a74        0x0 c:/intelfpga_lite/22.1std/nios2eds/bin/gnu/h-x86_64-mingw32/bin/../lib/gcc/nios2-elf/12.2.1/../../../../../H-x86_64-mingw32/nios2-elf/lib/mno-hw-mul\libc.a(lib_a-fstatr.o)
 .data          0x0000000000025a74        0x0 c:/intelfpga_lite/22.1std/nios2eds/bin/gnu/h-x86_64-mingw32/bin/../lib/gcc/nios2-elf/12.2.1/../../../../../H-x86_64-mingw32/nios2-elf/lib/mno-hw-mul\libc.a(lib_a-isattyr.o)
 .data          0x0000000000025a74        0x0 c:/intelfpga_lite/22.1std/nios2eds/bin/gnu/h-x86_64-mingw32/bin/../lib/gcc/nios2-elf/12.2.1/mno-hw-mul\libgcc.a(lib2-divmod.o)
 .data          0x0000000000025a74        0x0 c:/intelfpga_lite/22.1std/nios2eds/bin/gnu/h-x86_64-mingw32/bin/../lib/gcc/nios2-elf/12.2.1/mno-hw-mul\libgcc.a(lib2-mul.o)
 .data          0x0000000000025a74        0x0 c:/ECE496_FPGA/FPGA-Accelerated-SERDES-Simulation-System/Software_workspace/software/Uart_test_bsp/\libhal_bsp.a(alt_close.o)
 .data          0x0000000000025a74      0x1a8 c:/ECE496_FPGA/FPGA-Accelerated-SERDES-Simulation-System/Software_workspace/software/Uart_test_bsp/\libhal_bsp.a(alt_dev.o)
                0x0000000000025a74                alt_dev_null
                0x0000000000025a9c                alt_fd_list
 .data          0x0000000000025c1c        0x0 c:/ECE496_FPGA/FPGA-Accelerated-SERDES-Simulation-System/Software_workspace/software/Uart_test_bsp/\libhal_bsp.a(alt_errno.o)
 .data          0x0000000000025c1c        0x0 c:/ECE496_FPGA/FPGA-Accelerated-SERDES-Simulation-System/Software_workspace/software/Uart_test_bsp/\libhal_bsp.a(alt_fstat.o)
 .data          0x0000000000025c1c        0x0 c:/ECE496_FPGA/FPGA-Accelerated-SERDES-Simulation-System/Software_workspace/software/Uart_test_bsp/\libhal_bsp.a(alt_isatty.o)
 .data          0x0000000000025c1c        0x0 c:/ECE496_FPGA/FPGA-Accelerated-SERDES-Simulation-System/Software_workspace/software/Uart_test_bsp/\libhal_bsp.a(alt_load.o)
 .data          0x0000000000025c1c        0x0 c:/ECE496_FPGA/FPGA-Accelerated-SERDES-Simulation-System/Software_workspace/software/Uart_test_bsp/\libhal_bsp.a(alt_lseek.o)
 .data          0x0000000000025c1c        0x0 c:/ECE496_FPGA/FPGA-Accelerated-SERDES-Simulation-System/Software_workspace/software/Uart_test_bsp/\libhal_bsp.a(alt_main.o)
 .data          0x0000000000025c1c        0x0 c:/ECE496_FPGA/FPGA-Accelerated-SERDES-Simulation-System/Software_workspace/software/Uart_test_bsp/\libhal_bsp.a(alt_malloc_lock.o)
 .data          0x0000000000025c1c        0x0 c:/ECE496_FPGA/FPGA-Accelerated-SERDES-Simulation-System/Software_workspace/software/Uart_test_bsp/\libhal_bsp.a(alt_read.o)
 .data          0x0000000000025c1c        0x0 c:/ECE496_FPGA/FPGA-Accelerated-SERDES-Simulation-System/Software_workspace/software/Uart_test_bsp/\libhal_bsp.a(alt_release_fd.o)
 .data          0x0000000000025c1c        0x0 c:/ECE496_FPGA/FPGA-Accelerated-SERDES-Simulation-System/Software_workspace/software/Uart_test_bsp/\libhal_bsp.a(alt_sbrk.o)
 .data          0x0000000000025c1c        0x0 c:/ECE496_FPGA/FPGA-Accelerated-SERDES-Simulation-System/Software_workspace/software/Uart_test_bsp/\libhal_bsp.a(alt_write.o)
 .data          0x0000000000025c1c       0xc4 c:/ECE496_FPGA/FPGA-Accelerated-SERDES-Simulation-System/Software_workspace/software/Uart_test_bsp/\libhal_bsp.a(alt_sys_init.o)
 .data          0x0000000000025ce0        0x0 c:/ECE496_FPGA/FPGA-Accelerated-SERDES-Simulation-System/Software_workspace/software/Uart_test_bsp/\libhal_bsp.a(altera_avalon_uart_fd.o)
 .data          0x0000000000025ce0        0x0 c:/ECE496_FPGA/FPGA-Accelerated-SERDES-Simulation-System/Software_workspace/software/Uart_test_bsp/\libhal_bsp.a(altera_avalon_uart_init.o)
 .data          0x0000000000025ce0        0x0 c:/ECE496_FPGA/FPGA-Accelerated-SERDES-Simulation-System/Software_workspace/software/Uart_test_bsp/\libhal_bsp.a(altera_avalon_uart_read.o)
 .data          0x0000000000025ce0        0x0 c:/ECE496_FPGA/FPGA-Accelerated-SERDES-Simulation-System/Software_workspace/software/Uart_test_bsp/\libhal_bsp.a(altera_avalon_uart_write.o)
 .data          0x0000000000025ce0        0x0 c:/ECE496_FPGA/FPGA-Accelerated-SERDES-Simulation-System/Software_workspace/software/Uart_test_bsp/\libhal_bsp.a(alt_dcache_flush_all.o)
 .data          0x0000000000025ce0        0x0 c:/ECE496_FPGA/FPGA-Accelerated-SERDES-Simulation-System/Software_workspace/software/Uart_test_bsp/\libhal_bsp.a(alt_dev_llist_insert.o)
 .data          0x0000000000025ce0        0x0 c:/ECE496_FPGA/FPGA-Accelerated-SERDES-Simulation-System/Software_workspace/software/Uart_test_bsp/\libhal_bsp.a(alt_do_ctors.o)
 .data          0x0000000000025ce0        0x0 c:/ECE496_FPGA/FPGA-Accelerated-SERDES-Simulation-System/Software_workspace/software/Uart_test_bsp/\libhal_bsp.a(alt_do_dtors.o)
 .data          0x0000000000025ce0        0x0 c:/ECE496_FPGA/FPGA-Accelerated-SERDES-Simulation-System/Software_workspace/software/Uart_test_bsp/\libhal_bsp.a(alt_icache_flush_all.o)
 .data          0x0000000000025ce0        0x0 c:/ECE496_FPGA/FPGA-Accelerated-SERDES-Simulation-System/Software_workspace/software/Uart_test_bsp/\libhal_bsp.a(alt_iic.o)
 .data          0x0000000000025ce0        0x0 c:/ECE496_FPGA/FPGA-Accelerated-SERDES-Simulation-System/Software_workspace/software/Uart_test_bsp/\libhal_bsp.a(alt_iic_isr_register.o)
 .data          0x0000000000025ce0        0x0 c:/ECE496_FPGA/FPGA-Accelerated-SERDES-Simulation-System/Software_workspace/software/Uart_test_bsp/\libhal_bsp.a(alt_io_redirect.o)
 .data          0x0000000000025ce0        0x0 c:/ECE496_FPGA/FPGA-Accelerated-SERDES-Simulation-System/Software_workspace/software/Uart_test_bsp/\libhal_bsp.a(alt_irq_entry.o)
 .data          0x0000000000025ce0        0x0 c:/ECE496_FPGA/FPGA-Accelerated-SERDES-Simulation-System/Software_workspace/software/Uart_test_bsp/\libhal_bsp.a(alt_irq_handler.o)
 .data          0x0000000000025ce0        0x0 c:/ECE496_FPGA/FPGA-Accelerated-SERDES-Simulation-System/Software_workspace/software/Uart_test_bsp/\libhal_bsp.a(alt_irq_vars.o)
 .data          0x0000000000025ce0        0x0 c:/ECE496_FPGA/FPGA-Accelerated-SERDES-Simulation-System/Software_workspace/software/Uart_test_bsp/\libhal_bsp.a(alt_open.o)
 .data          0x0000000000025ce0        0x0 c:/ECE496_FPGA/FPGA-Accelerated-SERDES-Simulation-System/Software_workspace/software/Uart_test_bsp/\libhal_bsp.a(altera_nios2_gen2_irq.o)
 .data          0x0000000000025ce0        0x0 c:/ECE496_FPGA/FPGA-Accelerated-SERDES-Simulation-System/Software_workspace/software/Uart_test_bsp/\libhal_bsp.a(alt_exception_entry.o)
 .data          0x0000000000025ce0        0x0 c:/ECE496_FPGA/FPGA-Accelerated-SERDES-Simulation-System/Software_workspace/software/Uart_test_bsp/\libhal_bsp.a(alt_find_dev.o)
 .data          0x0000000000025ce0        0x0 c:/ECE496_FPGA/FPGA-Accelerated-SERDES-Simulation-System/Software_workspace/software/Uart_test_bsp/\libhal_bsp.a(alt_find_file.o)
 .data          0x0000000000025ce0        0x0 c:/ECE496_FPGA/FPGA-Accelerated-SERDES-Simulation-System/Software_workspace/software/Uart_test_bsp/\libhal_bsp.a(alt_get_fd.o)
 .data          0x0000000000025ce0        0x0 c:/ECE496_FPGA/FPGA-Accelerated-SERDES-Simulation-System/Software_workspace/software/Uart_test_bsp/\libhal_bsp.a(alt_instruction_exception_entry.o)
 .data          0x0000000000025ce0        0x0 c:/intelfpga_lite/22.1std/nios2eds/bin/gnu/h-x86_64-mingw32/bin/../lib/gcc/nios2-elf/12.2.1/../../../../../H-x86_64-mingw32/nios2-elf/lib/mno-hw-mul\libc.a(lib_a-atexit.o)
 .data          0x0000000000025ce0        0x0 c:/intelfpga_lite/22.1std/nios2eds/bin/gnu/h-x86_64-mingw32/bin/../lib/gcc/nios2-elf/12.2.1/../../../../../H-x86_64-mingw32/nios2-elf/lib/mno-hw-mul\libc.a(lib_a-exit.o)
 .data          0x0000000000025ce0        0x0 c:/intelfpga_lite/22.1std/nios2eds/bin/gnu/h-x86_64-mingw32/bin/../lib/gcc/nios2-elf/12.2.1/../../../../../H-x86_64-mingw32/nios2-elf/lib/mno-hw-mul\libc.a(lib_a-memcmp.o)
 .data          0x0000000000025ce0        0x0 c:/intelfpga_lite/22.1std/nios2eds/bin/gnu/h-x86_64-mingw32/bin/../lib/gcc/nios2-elf/12.2.1/../../../../../H-x86_64-mingw32/nios2-elf/lib/mno-hw-mul\libc.a(lib_a-__atexit.o)
 .data          0x0000000000025ce0        0x0 c:/intelfpga_lite/22.1std/nios2eds/bin/gnu/h-x86_64-mingw32/bin/../lib/gcc/nios2-elf/12.2.1/../../../../../H-x86_64-mingw32/nios2-elf/lib/mno-hw-mul\libc.a(lib_a-__call_atexit.o)
 .data          0x0000000000025ce0        0x0 c:/ECE496_FPGA/FPGA-Accelerated-SERDES-Simulation-System/Software_workspace/software/Uart_test_bsp/\libhal_bsp.a(alt_exit.o)
                0x000000000002dce0                _gp = ABSOLUTE ((. + 0x8000))
                [!provide]                        PROVIDE (gp = _gp)
 *(.rwdata .rwdata.*)
 *(.sdata .sdata.* .gnu.linkonce.s.*)
 .sdata._global_impure_ptr
                0x0000000000025ce0        0x4 c:/intelfpga_lite/22.1std/nios2eds/bin/gnu/h-x86_64-mingw32/bin/../lib/gcc/nios2-elf/12.2.1/../../../../../H-x86_64-mingw32/nios2-elf/lib/mno-hw-mul\libc.a(lib_a-impure.o)
                0x0000000000025ce0                _global_impure_ptr
 .sdata._impure_ptr
                0x0000000000025ce4        0x4 c:/intelfpga_lite/22.1std/nios2eds/bin/gnu/h-x86_64-mingw32/bin/../lib/gcc/nios2-elf/12.2.1/../../../../../H-x86_64-mingw32/nios2-elf/lib/mno-hw-mul\libc.a(lib_a-impure.o)
                0x0000000000025ce4                _impure_ptr
 .sdata.__malloc_sbrk_base
                0x0000000000025ce8        0x4 c:/intelfpga_lite/22.1std/nios2eds/bin/gnu/h-x86_64-mingw32/bin/../lib/gcc/nios2-elf/12.2.1/../../../../../H-x86_64-mingw32/nios2-elf/lib/mno-hw-mul\libc.a(lib_a-mallocr.o)
                0x0000000000025ce8                __malloc_sbrk_base
 .sdata.__malloc_trim_threshold
                0x0000000000025cec        0x4 c:/intelfpga_lite/22.1std/nios2eds/bin/gnu/h-x86_64-mingw32/bin/../lib/gcc/nios2-elf/12.2.1/../../../../../H-x86_64-mingw32/nios2-elf/lib/mno-hw-mul\libc.a(lib_a-mallocr.o)
                0x0000000000025cec                __malloc_trim_threshold
 .sdata         0x0000000000025cf0       0x14 c:/ECE496_FPGA/FPGA-Accelerated-SERDES-Simulation-System/Software_workspace/software/Uart_test_bsp/\libhal_bsp.a(alt_dev.o)
                0x0000000000025cf0                alt_fs_list
                0x0000000000025cf8                alt_dev_list
                0x0000000000025d00                alt_max_fd
 .sdata         0x0000000000025d04        0x4 c:/ECE496_FPGA/FPGA-Accelerated-SERDES-Simulation-System/Software_workspace/software/Uart_test_bsp/\libhal_bsp.a(alt_errno.o)
                0x0000000000025d04                alt_errno
 .sdata         0x0000000000025d08        0x4 c:/ECE496_FPGA/FPGA-Accelerated-SERDES-Simulation-System/Software_workspace/software/Uart_test_bsp/\libhal_bsp.a(alt_sbrk.o)
 .sdata         0x0000000000025d0c        0x4 c:/ECE496_FPGA/FPGA-Accelerated-SERDES-Simulation-System/Software_workspace/software/Uart_test_bsp/\libhal_bsp.a(alt_irq_vars.o)
                0x0000000000025d0c                alt_priority_mask
 *(.sdata2 .sdata2.* .gnu.linkonce.s2.*)
                0x0000000000025d10                . = ALIGN (0x4)
                0x0000000000025d10                _edata = ABSOLUTE (.)
                [!provide]                        PROVIDE (edata = ABSOLUTE (.))
                0x0000000000025d10                PROVIDE (__ram_rwdata_end = ABSOLUTE (.))
                0x0000000000025d10                PROVIDE (__flash_rwdata_start = LOADADDR (.rwdata))

.bss            0x00000000000267d8      0x14c
                0x00000000000267d8                __bss_start = ABSOLUTE (.)
                [!provide]                        PROVIDE (__sbss_start = ABSOLUTE (.))
                [!provide]                        PROVIDE (___sbss_start = ABSOLUTE (.))
 *(.dynsbss)
 *(.sbss .sbss.* .gnu.linkonce.sb.*)
 .sbss.__malloc_max_total_mem
                0x00000000000267d8        0x4 c:/intelfpga_lite/22.1std/nios2eds/bin/gnu/h-x86_64-mingw32/bin/../lib/gcc/nios2-elf/12.2.1/../../../../../H-x86_64-mingw32/nios2-elf/lib/mno-hw-mul\libc.a(lib_a-mallocr.o)
                0x00000000000267d8                __malloc_max_total_mem
 .sbss.__malloc_max_sbrked_mem
                0x00000000000267dc        0x4 c:/intelfpga_lite/22.1std/nios2eds/bin/gnu/h-x86_64-mingw32/bin/../lib/gcc/nios2-elf/12.2.1/../../../../../H-x86_64-mingw32/nios2-elf/lib/mno-hw-mul\libc.a(lib_a-mallocr.o)
                0x00000000000267dc                __malloc_max_sbrked_mem
 .sbss.__malloc_top_pad
                0x00000000000267e0        0x4 c:/intelfpga_lite/22.1std/nios2eds/bin/gnu/h-x86_64-mingw32/bin/../lib/gcc/nios2-elf/12.2.1/../../../../../H-x86_64-mingw32/nios2-elf/lib/mno-hw-mul\libc.a(lib_a-mallocr.o)
                0x00000000000267e0                __malloc_top_pad
 .sbss.errno    0x00000000000267e4        0x4 c:/intelfpga_lite/22.1std/nios2eds/bin/gnu/h-x86_64-mingw32/bin/../lib/gcc/nios2-elf/12.2.1/../../../../../H-x86_64-mingw32/nios2-elf/lib/mno-hw-mul\libc.a(lib_a-int_errno.o)
                0x00000000000267e4                errno
 .sbss          0x00000000000267e8        0xc c:/ECE496_FPGA/FPGA-Accelerated-SERDES-Simulation-System/Software_workspace/software/Uart_test_bsp/\libhal_bsp.a(alt_main.o)
                0x00000000000267e8                alt_argc
                0x00000000000267ec                alt_argv
                0x00000000000267f0                alt_envp
 .sbss          0x00000000000267f4        0x4 c:/ECE496_FPGA/FPGA-Accelerated-SERDES-Simulation-System/Software_workspace/software/Uart_test_bsp/\libhal_bsp.a(alt_irq_vars.o)
                0x00000000000267f4                alt_irq_active
 .sbss          0x00000000000267f8        0x4 c:/ECE496_FPGA/FPGA-Accelerated-SERDES-Simulation-System/Software_workspace/software/Uart_test_bsp/\libhal_bsp.a(alt_instruction_exception_entry.o)
                0x00000000000267f8                alt_instruction_exception_handler
 *(.sbss2 .sbss2.* .gnu.linkonce.sb2.*)
 *(.scommon)
                [!provide]                        PROVIDE (__sbss_end = ABSOLUTE (.))
                [!provide]                        PROVIDE (___sbss_end = ABSOLUTE (.))
 *(.dynbss)
 *(.bss .bss.* .gnu.linkonce.b.*)
 .bss           0x00000000000267fc        0x0 c:/ECE496_FPGA/FPGA-Accelerated-SERDES-Simulation-System/Software_workspace/software/Uart_test_bsp//obj/HAL/src/crt0.o
 .bss           0x00000000000267fc        0x0 obj/default/hello_world.o
 .bss           0x00000000000267fc        0x0 c:/intelfpga_lite/22.1std/nios2eds/bin/gnu/h-x86_64-mingw32/bin/../lib/gcc/nios2-elf/12.2.1/../../../../../H-x86_64-mingw32/nios2-elf/lib/mno-hw-mul\libc.a(lib_a-puts.o)
 .bss           0x00000000000267fc        0x0 c:/intelfpga_lite/22.1std/nios2eds/bin/gnu/h-x86_64-mingw32/bin/../lib/gcc/nios2-elf/12.2.1/../../../../../H-x86_64-mingw32/nios2-elf/lib/mno-hw-mul\libc.a(lib_a-strlen.o)
 .bss           0x00000000000267fc        0x0 c:/intelfpga_lite/22.1std/nios2eds/bin/gnu/h-x86_64-mingw32/bin/../lib/gcc/nios2-elf/12.2.1/../../../../../H-x86_64-mingw32/nios2-elf/lib/mno-hw-mul\libc.a(lib_a-findfp.o)
 .bss           0x00000000000267fc        0x0 c:/intelfpga_lite/22.1std/nios2eds/bin/gnu/h-x86_64-mingw32/bin/../lib/gcc/nios2-elf/12.2.1/../../../../../H-x86_64-mingw32/nios2-elf/lib/mno-hw-mul\libc.a(lib_a-fvwrite.o)
 .bss           0x00000000000267fc        0x0 c:/intelfpga_lite/22.1std/nios2eds/bin/gnu/h-x86_64-mingw32/bin/../lib/gcc/nios2-elf/12.2.1/../../../../../H-x86_64-mingw32/nios2-elf/lib/mno-hw-mul\libc.a(lib_a-fwalk.o)
 .bss           0x00000000000267fc        0x0 c:/intelfpga_lite/22.1std/nios2eds/bin/gnu/h-x86_64-mingw32/bin/../lib/gcc/nios2-elf/12.2.1/../../../../../H-x86_64-mingw32/nios2-elf/lib/mno-hw-mul\libc.a(lib_a-impure.o)
 .bss           0x00000000000267fc        0x0 c:/intelfpga_lite/22.1std/nios2eds/bin/gnu/h-x86_64-mingw32/bin/../lib/gcc/nios2-elf/12.2.1/../../../../../H-x86_64-mingw32/nios2-elf/lib/mno-hw-mul\libc.a(lib_a-mallocr.o)
 .bss.__malloc_current_mallinfo
                0x00000000000267fc       0x28 c:/intelfpga_lite/22.1std/nios2eds/bin/gnu/h-x86_64-mingw32/bin/../lib/gcc/nios2-elf/12.2.1/../../../../../H-x86_64-mingw32/nios2-elf/lib/mno-hw-mul\libc.a(lib_a-mallocr.o)
                0x00000000000267fc                __malloc_current_mallinfo
 .bss           0x0000000000026824        0x0 c:/intelfpga_lite/22.1std/nios2eds/bin/gnu/h-x86_64-mingw32/bin/../lib/gcc/nios2-elf/12.2.1/../../../../../H-x86_64-mingw32/nios2-elf/lib/mno-hw-mul\libc.a(lib_a-memchr.o)
 .bss           0x0000000000026824        0x0 c:/intelfpga_lite/22.1std/nios2eds/bin/gnu/h-x86_64-mingw32/bin/../lib/gcc/nios2-elf/12.2.1/../../../../../H-x86_64-mingw32/nios2-elf/lib/mno-hw-mul\libc.a(lib_a-memcpy.o)
 .bss           0x0000000000026824        0x0 c:/intelfpga_lite/22.1std/nios2eds/bin/gnu/h-x86_64-mingw32/bin/../lib/gcc/nios2-elf/12.2.1/../../../../../H-x86_64-mingw32/nios2-elf/lib/mno-hw-mul\libc.a(lib_a-memmove.o)
 .bss           0x0000000000026824        0x0 c:/intelfpga_lite/22.1std/nios2eds/bin/gnu/h-x86_64-mingw32/bin/../lib/gcc/nios2-elf/12.2.1/../../../../../H-x86_64-mingw32/nios2-elf/lib/mno-hw-mul\libc.a(lib_a-memset.o)
 .bss           0x0000000000026824        0x0 c:/intelfpga_lite/22.1std/nios2eds/bin/gnu/h-x86_64-mingw32/bin/../lib/gcc/nios2-elf/12.2.1/../../../../../H-x86_64-mingw32/nios2-elf/lib/mno-hw-mul\libc.a(lib_a-reallocr.o)
 .bss           0x0000000000026824        0x0 c:/intelfpga_lite/22.1std/nios2eds/bin/gnu/h-x86_64-mingw32/bin/../lib/gcc/nios2-elf/12.2.1/../../../../../H-x86_64-mingw32/nios2-elf/lib/mno-hw-mul\libc.a(lib_a-sbrkr.o)
 .bss           0x0000000000026824        0x0 c:/intelfpga_lite/22.1std/nios2eds/bin/gnu/h-x86_64-mingw32/bin/../lib/gcc/nios2-elf/12.2.1/../../../../../H-x86_64-mingw32/nios2-elf/lib/mno-hw-mul\libc.a(lib_a-stdio.o)
 .bss           0x0000000000026824        0x0 c:/intelfpga_lite/22.1std/nios2eds/bin/gnu/h-x86_64-mingw32/bin/../lib/gcc/nios2-elf/12.2.1/../../../../../H-x86_64-mingw32/nios2-elf/lib/mno-hw-mul\libc.a(lib_a-writer.o)
 .bss           0x0000000000026824        0x0 c:/intelfpga_lite/22.1std/nios2eds/bin/gnu/h-x86_64-mingw32/bin/../lib/gcc/nios2-elf/12.2.1/../../../../../H-x86_64-mingw32/nios2-elf/lib/mno-hw-mul\libc.a(lib_a-wsetup.o)
 .bss           0x0000000000026824        0x0 c:/intelfpga_lite/22.1std/nios2eds/bin/gnu/h-x86_64-mingw32/bin/../lib/gcc/nios2-elf/12.2.1/../../../../../H-x86_64-mingw32/nios2-elf/lib/mno-hw-mul\libc.a(closer.o)
 .bss           0x0000000000026824        0x0 c:/intelfpga_lite/22.1std/nios2eds/bin/gnu/h-x86_64-mingw32/bin/../lib/gcc/nios2-elf/12.2.1/../../../../../H-x86_64-mingw32/nios2-elf/lib/mno-hw-mul\libc.a(lib_a-fclose.o)
 .bss           0x0000000000026824        0x0 c:/intelfpga_lite/22.1std/nios2eds/bin/gnu/h-x86_64-mingw32/bin/../lib/gcc/nios2-elf/12.2.1/../../../../../H-x86_64-mingw32/nios2-elf/lib/mno-hw-mul\libc.a(lib_a-fflush.o)
 .bss           0x0000000000026824        0x0 c:/intelfpga_lite/22.1std/nios2eds/bin/gnu/h-x86_64-mingw32/bin/../lib/gcc/nios2-elf/12.2.1/../../../../../H-x86_64-mingw32/nios2-elf/lib/mno-hw-mul\libc.a(lib_a-freer.o)
 .bss           0x0000000000026824        0x0 c:/intelfpga_lite/22.1std/nios2eds/bin/gnu/h-x86_64-mingw32/bin/../lib/gcc/nios2-elf/12.2.1/../../../../../H-x86_64-mingw32/nios2-elf/lib/mno-hw-mul\libc.a(lib_a-int_errno.o)
 .bss           0x0000000000026824        0x0 c:/intelfpga_lite/22.1std/nios2eds/bin/gnu/h-x86_64-mingw32/bin/../lib/gcc/nios2-elf/12.2.1/../../../../../H-x86_64-mingw32/nios2-elf/lib/mno-hw-mul\libc.a(lib_a-lseekr.o)
 .bss           0x0000000000026824        0x0 c:/intelfpga_lite/22.1std/nios2eds/bin/gnu/h-x86_64-mingw32/bin/../lib/gcc/nios2-elf/12.2.1/../../../../../H-x86_64-mingw32/nios2-elf/lib/mno-hw-mul\libc.a(lib_a-makebuf.o)
 .bss           0x0000000000026824        0x0 c:/intelfpga_lite/22.1std/nios2eds/bin/gnu/h-x86_64-mingw32/bin/../lib/gcc/nios2-elf/12.2.1/../../../../../H-x86_64-mingw32/nios2-elf/lib/mno-hw-mul\libc.a(lib_a-readr.o)
 .bss           0x0000000000026824        0x0 c:/intelfpga_lite/22.1std/nios2eds/bin/gnu/h-x86_64-mingw32/bin/../lib/gcc/nios2-elf/12.2.1/../../../../../H-x86_64-mingw32/nios2-elf/lib/mno-hw-mul\libc.a(lib_a-fstatr.o)
 .bss           0x0000000000026824        0x0 c:/intelfpga_lite/22.1std/nios2eds/bin/gnu/h-x86_64-mingw32/bin/../lib/gcc/nios2-elf/12.2.1/../../../../../H-x86_64-mingw32/nios2-elf/lib/mno-hw-mul\libc.a(lib_a-isattyr.o)
 .bss           0x0000000000026824        0x0 c:/intelfpga_lite/22.1std/nios2eds/bin/gnu/h-x86_64-mingw32/bin/../lib/gcc/nios2-elf/12.2.1/mno-hw-mul\libgcc.a(lib2-divmod.o)
 .bss           0x0000000000026824        0x0 c:/intelfpga_lite/22.1std/nios2eds/bin/gnu/h-x86_64-mingw32/bin/../lib/gcc/nios2-elf/12.2.1/mno-hw-mul\libgcc.a(lib2-mul.o)
 .bss           0x0000000000026824        0x0 c:/ECE496_FPGA/FPGA-Accelerated-SERDES-Simulation-System/Software_workspace/software/Uart_test_bsp/\libhal_bsp.a(alt_close.o)
 .bss           0x0000000000026824        0x0 c:/ECE496_FPGA/FPGA-Accelerated-SERDES-Simulation-System/Software_workspace/software/Uart_test_bsp/\libhal_bsp.a(alt_dev.o)
 .bss           0x0000000000026824        0x0 c:/ECE496_FPGA/FPGA-Accelerated-SERDES-Simulation-System/Software_workspace/software/Uart_test_bsp/\libhal_bsp.a(alt_errno.o)
 .bss           0x0000000000026824        0x0 c:/ECE496_FPGA/FPGA-Accelerated-SERDES-Simulation-System/Software_workspace/software/Uart_test_bsp/\libhal_bsp.a(alt_fstat.o)
 .bss           0x0000000000026824        0x0 c:/ECE496_FPGA/FPGA-Accelerated-SERDES-Simulation-System/Software_workspace/software/Uart_test_bsp/\libhal_bsp.a(alt_isatty.o)
 .bss           0x0000000000026824        0x0 c:/ECE496_FPGA/FPGA-Accelerated-SERDES-Simulation-System/Software_workspace/software/Uart_test_bsp/\libhal_bsp.a(alt_load.o)
 .bss           0x0000000000026824        0x0 c:/ECE496_FPGA/FPGA-Accelerated-SERDES-Simulation-System/Software_workspace/software/Uart_test_bsp/\libhal_bsp.a(alt_lseek.o)
 .bss           0x0000000000026824        0x0 c:/ECE496_FPGA/FPGA-Accelerated-SERDES-Simulation-System/Software_workspace/software/Uart_test_bsp/\libhal_bsp.a(alt_main.o)
 .bss           0x0000000000026824        0x0 c:/ECE496_FPGA/FPGA-Accelerated-SERDES-Simulation-System/Software_workspace/software/Uart_test_bsp/\libhal_bsp.a(alt_malloc_lock.o)
 .bss           0x0000000000026824        0x0 c:/ECE496_FPGA/FPGA-Accelerated-SERDES-Simulation-System/Software_workspace/software/Uart_test_bsp/\libhal_bsp.a(alt_read.o)
 .bss           0x0000000000026824        0x0 c:/ECE496_FPGA/FPGA-Accelerated-SERDES-Simulation-System/Software_workspace/software/Uart_test_bsp/\libhal_bsp.a(alt_release_fd.o)
 .bss           0x0000000000026824        0x0 c:/ECE496_FPGA/FPGA-Accelerated-SERDES-Simulation-System/Software_workspace/software/Uart_test_bsp/\libhal_bsp.a(alt_sbrk.o)
 .bss           0x0000000000026824        0x0 c:/ECE496_FPGA/FPGA-Accelerated-SERDES-Simulation-System/Software_workspace/software/Uart_test_bsp/\libhal_bsp.a(alt_write.o)
 .bss           0x0000000000026824        0x0 c:/ECE496_FPGA/FPGA-Accelerated-SERDES-Simulation-System/Software_workspace/software/Uart_test_bsp/\libhal_bsp.a(alt_sys_init.o)
 .bss           0x0000000000026824        0x0 c:/ECE496_FPGA/FPGA-Accelerated-SERDES-Simulation-System/Software_workspace/software/Uart_test_bsp/\libhal_bsp.a(altera_avalon_uart_fd.o)
 .bss           0x0000000000026824        0x0 c:/ECE496_FPGA/FPGA-Accelerated-SERDES-Simulation-System/Software_workspace/software/Uart_test_bsp/\libhal_bsp.a(altera_avalon_uart_init.o)
 .bss           0x0000000000026824        0x0 c:/ECE496_FPGA/FPGA-Accelerated-SERDES-Simulation-System/Software_workspace/software/Uart_test_bsp/\libhal_bsp.a(altera_avalon_uart_read.o)
 .bss           0x0000000000026824        0x0 c:/ECE496_FPGA/FPGA-Accelerated-SERDES-Simulation-System/Software_workspace/software/Uart_test_bsp/\libhal_bsp.a(altera_avalon_uart_write.o)
 .bss           0x0000000000026824        0x0 c:/ECE496_FPGA/FPGA-Accelerated-SERDES-Simulation-System/Software_workspace/software/Uart_test_bsp/\libhal_bsp.a(alt_dcache_flush_all.o)
 .bss           0x0000000000026824        0x0 c:/ECE496_FPGA/FPGA-Accelerated-SERDES-Simulation-System/Software_workspace/software/Uart_test_bsp/\libhal_bsp.a(alt_dev_llist_insert.o)
 .bss           0x0000000000026824        0x0 c:/ECE496_FPGA/FPGA-Accelerated-SERDES-Simulation-System/Software_workspace/software/Uart_test_bsp/\libhal_bsp.a(alt_do_ctors.o)
 .bss           0x0000000000026824        0x0 c:/ECE496_FPGA/FPGA-Accelerated-SERDES-Simulation-System/Software_workspace/software/Uart_test_bsp/\libhal_bsp.a(alt_do_dtors.o)
 .bss           0x0000000000026824        0x0 c:/ECE496_FPGA/FPGA-Accelerated-SERDES-Simulation-System/Software_workspace/software/Uart_test_bsp/\libhal_bsp.a(alt_icache_flush_all.o)
 .bss           0x0000000000026824        0x0 c:/ECE496_FPGA/FPGA-Accelerated-SERDES-Simulation-System/Software_workspace/software/Uart_test_bsp/\libhal_bsp.a(alt_iic.o)
 .bss           0x0000000000026824        0x0 c:/ECE496_FPGA/FPGA-Accelerated-SERDES-Simulation-System/Software_workspace/software/Uart_test_bsp/\libhal_bsp.a(alt_iic_isr_register.o)
 .bss           0x0000000000026824        0x0 c:/ECE496_FPGA/FPGA-Accelerated-SERDES-Simulation-System/Software_workspace/software/Uart_test_bsp/\libhal_bsp.a(alt_io_redirect.o)
 .bss           0x0000000000026824        0x0 c:/ECE496_FPGA/FPGA-Accelerated-SERDES-Simulation-System/Software_workspace/software/Uart_test_bsp/\libhal_bsp.a(alt_irq_entry.o)
 .bss           0x0000000000026824      0x100 c:/ECE496_FPGA/FPGA-Accelerated-SERDES-Simulation-System/Software_workspace/software/Uart_test_bsp/\libhal_bsp.a(alt_irq_handler.o)
                0x0000000000026824                alt_irq
 .bss           0x0000000000026924        0x0 c:/ECE496_FPGA/FPGA-Accelerated-SERDES-Simulation-System/Software_workspace/software/Uart_test_bsp/\libhal_bsp.a(alt_irq_vars.o)
 .bss           0x0000000000026924        0x0 c:/ECE496_FPGA/FPGA-Accelerated-SERDES-Simulation-System/Software_workspace/software/Uart_test_bsp/\libhal_bsp.a(alt_open.o)
 .bss           0x0000000000026924        0x0 c:/ECE496_FPGA/FPGA-Accelerated-SERDES-Simulation-System/Software_workspace/software/Uart_test_bsp/\libhal_bsp.a(altera_nios2_gen2_irq.o)
 .bss           0x0000000000026924        0x0 c:/ECE496_FPGA/FPGA-Accelerated-SERDES-Simulation-System/Software_workspace/software/Uart_test_bsp/\libhal_bsp.a(alt_exception_entry.o)
 .bss           0x0000000000026924        0x0 c:/ECE496_FPGA/FPGA-Accelerated-SERDES-Simulation-System/Software_workspace/software/Uart_test_bsp/\libhal_bsp.a(alt_find_dev.o)
 .bss           0x0000000000026924        0x0 c:/ECE496_FPGA/FPGA-Accelerated-SERDES-Simulation-System/Software_workspace/software/Uart_test_bsp/\libhal_bsp.a(alt_find_file.o)
 .bss           0x0000000000026924        0x0 c:/ECE496_FPGA/FPGA-Accelerated-SERDES-Simulation-System/Software_workspace/software/Uart_test_bsp/\libhal_bsp.a(alt_get_fd.o)
 .bss           0x0000000000026924        0x0 c:/ECE496_FPGA/FPGA-Accelerated-SERDES-Simulation-System/Software_workspace/software/Uart_test_bsp/\libhal_bsp.a(alt_instruction_exception_entry.o)
 .bss           0x0000000000026924        0x0 c:/intelfpga_lite/22.1std/nios2eds/bin/gnu/h-x86_64-mingw32/bin/../lib/gcc/nios2-elf/12.2.1/../../../../../H-x86_64-mingw32/nios2-elf/lib/mno-hw-mul\libc.a(lib_a-atexit.o)
 .bss           0x0000000000026924        0x0 c:/intelfpga_lite/22.1std/nios2eds/bin/gnu/h-x86_64-mingw32/bin/../lib/gcc/nios2-elf/12.2.1/../../../../../H-x86_64-mingw32/nios2-elf/lib/mno-hw-mul\libc.a(lib_a-exit.o)
 .bss           0x0000000000026924        0x0 c:/intelfpga_lite/22.1std/nios2eds/bin/gnu/h-x86_64-mingw32/bin/../lib/gcc/nios2-elf/12.2.1/../../../../../H-x86_64-mingw32/nios2-elf/lib/mno-hw-mul\libc.a(lib_a-memcmp.o)
 .bss           0x0000000000026924        0x0 c:/intelfpga_lite/22.1std/nios2eds/bin/gnu/h-x86_64-mingw32/bin/../lib/gcc/nios2-elf/12.2.1/../../../../../H-x86_64-mingw32/nios2-elf/lib/mno-hw-mul\libc.a(lib_a-__atexit.o)
 .bss           0x0000000000026924        0x0 c:/intelfpga_lite/22.1std/nios2eds/bin/gnu/h-x86_64-mingw32/bin/../lib/gcc/nios2-elf/12.2.1/../../../../../H-x86_64-mingw32/nios2-elf/lib/mno-hw-mul\libc.a(lib_a-__call_atexit.o)
 .bss           0x0000000000026924        0x0 c:/ECE496_FPGA/FPGA-Accelerated-SERDES-Simulation-System/Software_workspace/software/Uart_test_bsp/\libhal_bsp.a(alt_exit.o)
 *(COMMON)
                0x0000000000026924                . = ALIGN (0x4)
                0x0000000000026924                __bss_end = ABSOLUTE (.)

.on_chip_mem    0x0000000000026924        0x0
                [!provide]                        PROVIDE (_alt_partition_on_chip_mem_start = ABSOLUTE (.))
 *(.on_chip_mem .on_chip_mem. on_chip_mem.*)
                0x0000000000026924                . = ALIGN (0x4)
                [!provide]                        PROVIDE (_alt_partition_on_chip_mem_end = ABSOLUTE (.))
                0x0000000000026924                _end = ABSOLUTE (.)
                0x0000000000026924                end = ABSOLUTE (.)
                0x0000000000026924                __alt_stack_base = ABSOLUTE (.)
                [!provide]                        PROVIDE (_alt_partition_on_chip_mem_load_addr = LOADADDR (.on_chip_mem))

.stab
 *(.stab)

.stabstr
 *(.stabstr)

.stab.excl
 *(.stab.excl)

.stab.exclstr
 *(.stab.exclstr)

.stab.index
 *(.stab.index)

.stab.indexstr
 *(.stab.indexstr)

.comment        0x0000000000000000       0x2d
 *(.comment)
 .comment       0x0000000000000000       0x2d obj/default/hello_world.o
                                         0x2e (size before relaxing)
 .comment       0x000000000000002d       0x2e c:/intelfpga_lite/22.1std/nios2eds/bin/gnu/h-x86_64-mingw32/bin/../lib/gcc/nios2-elf/12.2.1/../../../../../H-x86_64-mingw32/nios2-elf/lib/mno-hw-mul\libc.a(lib_a-puts.o)
 .comment       0x000000000000002d       0x2e c:/intelfpga_lite/22.1std/nios2eds/bin/gnu/h-x86_64-mingw32/bin/../lib/gcc/nios2-elf/12.2.1/../../../../../H-x86_64-mingw32/nios2-elf/lib/mno-hw-mul\libc.a(lib_a-strlen.o)
 .comment       0x000000000000002d       0x2e c:/intelfpga_lite/22.1std/nios2eds/bin/gnu/h-x86_64-mingw32/bin/../lib/gcc/nios2-elf/12.2.1/../../../../../H-x86_64-mingw32/nios2-elf/lib/mno-hw-mul\libc.a(lib_a-findfp.o)
 .comment       0x000000000000002d       0x2e c:/intelfpga_lite/22.1std/nios2eds/bin/gnu/h-x86_64-mingw32/bin/../lib/gcc/nios2-elf/12.2.1/../../../../../H-x86_64-mingw32/nios2-elf/lib/mno-hw-mul\libc.a(lib_a-fvwrite.o)
 .comment       0x000000000000002d       0x2e c:/intelfpga_lite/22.1std/nios2eds/bin/gnu/h-x86_64-mingw32/bin/../lib/gcc/nios2-elf/12.2.1/../../../../../H-x86_64-mingw32/nios2-elf/lib/mno-hw-mul\libc.a(lib_a-fwalk.o)
 .comment       0x000000000000002d       0x2e c:/intelfpga_lite/22.1std/nios2eds/bin/gnu/h-x86_64-mingw32/bin/../lib/gcc/nios2-elf/12.2.1/../../../../../H-x86_64-mingw32/nios2-elf/lib/mno-hw-mul\libc.a(lib_a-impure.o)
 .comment       0x000000000000002d       0x2e c:/intelfpga_lite/22.1std/nios2eds/bin/gnu/h-x86_64-mingw32/bin/../lib/gcc/nios2-elf/12.2.1/../../../../../H-x86_64-mingw32/nios2-elf/lib/mno-hw-mul\libc.a(lib_a-mallocr.o)
 .comment       0x000000000000002d       0x2e c:/intelfpga_lite/22.1std/nios2eds/bin/gnu/h-x86_64-mingw32/bin/../lib/gcc/nios2-elf/12.2.1/../../../../../H-x86_64-mingw32/nios2-elf/lib/mno-hw-mul\libc.a(lib_a-memchr.o)
 .comment       0x000000000000002d       0x2e c:/intelfpga_lite/22.1std/nios2eds/bin/gnu/h-x86_64-mingw32/bin/../lib/gcc/nios2-elf/12.2.1/../../../../../H-x86_64-mingw32/nios2-elf/lib/mno-hw-mul\libc.a(lib_a-memcpy.o)
 .comment       0x000000000000002d       0x2e c:/intelfpga_lite/22.1std/nios2eds/bin/gnu/h-x86_64-mingw32/bin/../lib/gcc/nios2-elf/12.2.1/../../../../../H-x86_64-mingw32/nios2-elf/lib/mno-hw-mul\libc.a(lib_a-memmove.o)
 .comment       0x000000000000002d       0x2e c:/intelfpga_lite/22.1std/nios2eds/bin/gnu/h-x86_64-mingw32/bin/../lib/gcc/nios2-elf/12.2.1/../../../../../H-x86_64-mingw32/nios2-elf/lib/mno-hw-mul\libc.a(lib_a-memset.o)
 .comment       0x000000000000002d       0x2e c:/intelfpga_lite/22.1std/nios2eds/bin/gnu/h-x86_64-mingw32/bin/../lib/gcc/nios2-elf/12.2.1/../../../../../H-x86_64-mingw32/nios2-elf/lib/mno-hw-mul\libc.a(lib_a-reallocr.o)
 .comment       0x000000000000002d       0x2e c:/intelfpga_lite/22.1std/nios2eds/bin/gnu/h-x86_64-mingw32/bin/../lib/gcc/nios2-elf/12.2.1/../../../../../H-x86_64-mingw32/nios2-elf/lib/mno-hw-mul\libc.a(lib_a-sbrkr.o)
 .comment       0x000000000000002d       0x2e c:/intelfpga_lite/22.1std/nios2eds/bin/gnu/h-x86_64-mingw32/bin/../lib/gcc/nios2-elf/12.2.1/../../../../../H-x86_64-mingw32/nios2-elf/lib/mno-hw-mul\libc.a(lib_a-stdio.o)
 .comment       0x000000000000002d       0x2e c:/intelfpga_lite/22.1std/nios2eds/bin/gnu/h-x86_64-mingw32/bin/../lib/gcc/nios2-elf/12.2.1/../../../../../H-x86_64-mingw32/nios2-elf/lib/mno-hw-mul\libc.a(lib_a-writer.o)
 .comment       0x000000000000002d       0x2e c:/intelfpga_lite/22.1std/nios2eds/bin/gnu/h-x86_64-mingw32/bin/../lib/gcc/nios2-elf/12.2.1/../../../../../H-x86_64-mingw32/nios2-elf/lib/mno-hw-mul\libc.a(lib_a-wsetup.o)
 .comment       0x000000000000002d       0x2e c:/intelfpga_lite/22.1std/nios2eds/bin/gnu/h-x86_64-mingw32/bin/../lib/gcc/nios2-elf/12.2.1/../../../../../H-x86_64-mingw32/nios2-elf/lib/mno-hw-mul\libc.a(closer.o)
 .comment       0x000000000000002d       0x2e c:/intelfpga_lite/22.1std/nios2eds/bin/gnu/h-x86_64-mingw32/bin/../lib/gcc/nios2-elf/12.2.1/../../../../../H-x86_64-mingw32/nios2-elf/lib/mno-hw-mul\libc.a(lib_a-fclose.o)
 .comment       0x000000000000002d       0x2e c:/intelfpga_lite/22.1std/nios2eds/bin/gnu/h-x86_64-mingw32/bin/../lib/gcc/nios2-elf/12.2.1/../../../../../H-x86_64-mingw32/nios2-elf/lib/mno-hw-mul\libc.a(lib_a-fflush.o)
 .comment       0x000000000000002d       0x2e c:/intelfpga_lite/22.1std/nios2eds/bin/gnu/h-x86_64-mingw32/bin/../lib/gcc/nios2-elf/12.2.1/../../../../../H-x86_64-mingw32/nios2-elf/lib/mno-hw-mul\libc.a(lib_a-freer.o)
 .comment       0x000000000000002d       0x2e c:/intelfpga_lite/22.1std/nios2eds/bin/gnu/h-x86_64-mingw32/bin/../lib/gcc/nios2-elf/12.2.1/../../../../../H-x86_64-mingw32/nios2-elf/lib/mno-hw-mul\libc.a(lib_a-int_errno.o)
 .comment       0x000000000000002d       0x2e c:/intelfpga_lite/22.1std/nios2eds/bin/gnu/h-x86_64-mingw32/bin/../lib/gcc/nios2-elf/12.2.1/../../../../../H-x86_64-mingw32/nios2-elf/lib/mno-hw-mul\libc.a(lib_a-lseekr.o)
 .comment       0x000000000000002d       0x2e c:/intelfpga_lite/22.1std/nios2eds/bin/gnu/h-x86_64-mingw32/bin/../lib/gcc/nios2-elf/12.2.1/../../../../../H-x86_64-mingw32/nios2-elf/lib/mno-hw-mul\libc.a(lib_a-makebuf.o)
 .comment       0x000000000000002d       0x2e c:/intelfpga_lite/22.1std/nios2eds/bin/gnu/h-x86_64-mingw32/bin/../lib/gcc/nios2-elf/12.2.1/../../../../../H-x86_64-mingw32/nios2-elf/lib/mno-hw-mul\libc.a(lib_a-readr.o)
 .comment       0x000000000000002d       0x2e c:/intelfpga_lite/22.1std/nios2eds/bin/gnu/h-x86_64-mingw32/bin/../lib/gcc/nios2-elf/12.2.1/../../../../../H-x86_64-mingw32/nios2-elf/lib/mno-hw-mul\libc.a(lib_a-fstatr.o)
 .comment       0x000000000000002d       0x2e c:/intelfpga_lite/22.1std/nios2eds/bin/gnu/h-x86_64-mingw32/bin/../lib/gcc/nios2-elf/12.2.1/../../../../../H-x86_64-mingw32/nios2-elf/lib/mno-hw-mul\libc.a(lib_a-isattyr.o)
 .comment       0x000000000000002d       0x2e c:/intelfpga_lite/22.1std/nios2eds/bin/gnu/h-x86_64-mingw32/bin/../lib/gcc/nios2-elf/12.2.1/mno-hw-mul\libgcc.a(lib2-divmod.o)
 .comment       0x000000000000002d       0x2e c:/intelfpga_lite/22.1std/nios2eds/bin/gnu/h-x86_64-mingw32/bin/../lib/gcc/nios2-elf/12.2.1/mno-hw-mul\libgcc.a(lib2-mul.o)
 .comment       0x000000000000002d       0x2e c:/ECE496_FPGA/FPGA-Accelerated-SERDES-Simulation-System/Software_workspace/software/Uart_test_bsp/\libhal_bsp.a(alt_close.o)
 .comment       0x000000000000002d       0x2e c:/ECE496_FPGA/FPGA-Accelerated-SERDES-Simulation-System/Software_workspace/software/Uart_test_bsp/\libhal_bsp.a(alt_dev.o)
 .comment       0x000000000000002d       0x2e c:/ECE496_FPGA/FPGA-Accelerated-SERDES-Simulation-System/Software_workspace/software/Uart_test_bsp/\libhal_bsp.a(alt_errno.o)
 .comment       0x000000000000002d       0x2e c:/ECE496_FPGA/FPGA-Accelerated-SERDES-Simulation-System/Software_workspace/software/Uart_test_bsp/\libhal_bsp.a(alt_fstat.o)
 .comment       0x000000000000002d       0x2e c:/ECE496_FPGA/FPGA-Accelerated-SERDES-Simulation-System/Software_workspace/software/Uart_test_bsp/\libhal_bsp.a(alt_isatty.o)
 .comment       0x000000000000002d       0x2e c:/ECE496_FPGA/FPGA-Accelerated-SERDES-Simulation-System/Software_workspace/software/Uart_test_bsp/\libhal_bsp.a(alt_load.o)
 .comment       0x000000000000002d       0x2e c:/ECE496_FPGA/FPGA-Accelerated-SERDES-Simulation-System/Software_workspace/software/Uart_test_bsp/\libhal_bsp.a(alt_lseek.o)
 .comment       0x000000000000002d       0x2e c:/ECE496_FPGA/FPGA-Accelerated-SERDES-Simulation-System/Software_workspace/software/Uart_test_bsp/\libhal_bsp.a(alt_main.o)
 .comment       0x000000000000002d       0x2e c:/ECE496_FPGA/FPGA-Accelerated-SERDES-Simulation-System/Software_workspace/software/Uart_test_bsp/\libhal_bsp.a(alt_malloc_lock.o)
 .comment       0x000000000000002d       0x2e c:/ECE496_FPGA/FPGA-Accelerated-SERDES-Simulation-System/Software_workspace/software/Uart_test_bsp/\libhal_bsp.a(alt_read.o)
 .comment       0x000000000000002d       0x2e c:/ECE496_FPGA/FPGA-Accelerated-SERDES-Simulation-System/Software_workspace/software/Uart_test_bsp/\libhal_bsp.a(alt_release_fd.o)
 .comment       0x000000000000002d       0x2e c:/ECE496_FPGA/FPGA-Accelerated-SERDES-Simulation-System/Software_workspace/software/Uart_test_bsp/\libhal_bsp.a(alt_sbrk.o)
 .comment       0x000000000000002d       0x2e c:/ECE496_FPGA/FPGA-Accelerated-SERDES-Simulation-System/Software_workspace/software/Uart_test_bsp/\libhal_bsp.a(alt_write.o)
 .comment       0x000000000000002d       0x2e c:/ECE496_FPGA/FPGA-Accelerated-SERDES-Simulation-System/Software_workspace/software/Uart_test_bsp/\libhal_bsp.a(alt_sys_init.o)
 .comment       0x000000000000002d       0x2e c:/ECE496_FPGA/FPGA-Accelerated-SERDES-Simulation-System/Software_workspace/software/Uart_test_bsp/\libhal_bsp.a(altera_avalon_uart_fd.o)
 .comment       0x000000000000002d       0x2e c:/ECE496_FPGA/FPGA-Accelerated-SERDES-Simulation-System/Software_workspace/software/Uart_test_bsp/\libhal_bsp.a(altera_avalon_uart_init.o)
 .comment       0x000000000000002d       0x2e c:/ECE496_FPGA/FPGA-Accelerated-SERDES-Simulation-System/Software_workspace/software/Uart_test_bsp/\libhal_bsp.a(altera_avalon_uart_read.o)
 .comment       0x000000000000002d       0x2e c:/ECE496_FPGA/FPGA-Accelerated-SERDES-Simulation-System/Software_workspace/software/Uart_test_bsp/\libhal_bsp.a(altera_avalon_uart_write.o)
 .comment       0x000000000000002d       0x2e c:/ECE496_FPGA/FPGA-Accelerated-SERDES-Simulation-System/Software_workspace/software/Uart_test_bsp/\libhal_bsp.a(alt_dcache_flush_all.o)
 .comment       0x000000000000002d       0x2e c:/ECE496_FPGA/FPGA-Accelerated-SERDES-Simulation-System/Software_workspace/software/Uart_test_bsp/\libhal_bsp.a(alt_dev_llist_insert.o)
 .comment       0x000000000000002d       0x2e c:/ECE496_FPGA/FPGA-Accelerated-SERDES-Simulation-System/Software_workspace/software/Uart_test_bsp/\libhal_bsp.a(alt_do_ctors.o)
 .comment       0x000000000000002d       0x2e c:/ECE496_FPGA/FPGA-Accelerated-SERDES-Simulation-System/Software_workspace/software/Uart_test_bsp/\libhal_bsp.a(alt_do_dtors.o)
 .comment       0x000000000000002d       0x2e c:/ECE496_FPGA/FPGA-Accelerated-SERDES-Simulation-System/Software_workspace/software/Uart_test_bsp/\libhal_bsp.a(alt_icache_flush_all.o)
 .comment       0x000000000000002d       0x2e c:/ECE496_FPGA/FPGA-Accelerated-SERDES-Simulation-System/Software_workspace/software/Uart_test_bsp/\libhal_bsp.a(alt_iic.o)
 .comment       0x000000000000002d       0x2e c:/ECE496_FPGA/FPGA-Accelerated-SERDES-Simulation-System/Software_workspace/software/Uart_test_bsp/\libhal_bsp.a(alt_iic_isr_register.o)
 .comment       0x000000000000002d       0x2e c:/ECE496_FPGA/FPGA-Accelerated-SERDES-Simulation-System/Software_workspace/software/Uart_test_bsp/\libhal_bsp.a(alt_io_redirect.o)
 .comment       0x000000000000002d       0x2e c:/ECE496_FPGA/FPGA-Accelerated-SERDES-Simulation-System/Software_workspace/software/Uart_test_bsp/\libhal_bsp.a(alt_irq_handler.o)
 .comment       0x000000000000002d       0x2e c:/ECE496_FPGA/FPGA-Accelerated-SERDES-Simulation-System/Software_workspace/software/Uart_test_bsp/\libhal_bsp.a(alt_irq_vars.o)
 .comment       0x000000000000002d       0x2e c:/ECE496_FPGA/FPGA-Accelerated-SERDES-Simulation-System/Software_workspace/software/Uart_test_bsp/\libhal_bsp.a(alt_open.o)
 .comment       0x000000000000002d       0x2e c:/ECE496_FPGA/FPGA-Accelerated-SERDES-Simulation-System/Software_workspace/software/Uart_test_bsp/\libhal_bsp.a(altera_nios2_gen2_irq.o)
 .comment       0x000000000000002d       0x2e c:/ECE496_FPGA/FPGA-Accelerated-SERDES-Simulation-System/Software_workspace/software/Uart_test_bsp/\libhal_bsp.a(alt_find_dev.o)
 .comment       0x000000000000002d       0x2e c:/ECE496_FPGA/FPGA-Accelerated-SERDES-Simulation-System/Software_workspace/software/Uart_test_bsp/\libhal_bsp.a(alt_find_file.o)
 .comment       0x000000000000002d       0x2e c:/ECE496_FPGA/FPGA-Accelerated-SERDES-Simulation-System/Software_workspace/software/Uart_test_bsp/\libhal_bsp.a(alt_get_fd.o)
 .comment       0x000000000000002d       0x2e c:/ECE496_FPGA/FPGA-Accelerated-SERDES-Simulation-System/Software_workspace/software/Uart_test_bsp/\libhal_bsp.a(alt_instruction_exception_entry.o)
 .comment       0x000000000000002d       0x2e c:/intelfpga_lite/22.1std/nios2eds/bin/gnu/h-x86_64-mingw32/bin/../lib/gcc/nios2-elf/12.2.1/../../../../../H-x86_64-mingw32/nios2-elf/lib/mno-hw-mul\libc.a(lib_a-atexit.o)
 .comment       0x000000000000002d       0x2e c:/intelfpga_lite/22.1std/nios2eds/bin/gnu/h-x86_64-mingw32/bin/../lib/gcc/nios2-elf/12.2.1/../../../../../H-x86_64-mingw32/nios2-elf/lib/mno-hw-mul\libc.a(lib_a-exit.o)
 .comment       0x000000000000002d       0x2e c:/intelfpga_lite/22.1std/nios2eds/bin/gnu/h-x86_64-mingw32/bin/../lib/gcc/nios2-elf/12.2.1/../../../../../H-x86_64-mingw32/nios2-elf/lib/mno-hw-mul\libc.a(lib_a-memcmp.o)
 .comment       0x000000000000002d       0x2e c:/intelfpga_lite/22.1std/nios2eds/bin/gnu/h-x86_64-mingw32/bin/../lib/gcc/nios2-elf/12.2.1/../../../../../H-x86_64-mingw32/nios2-elf/lib/mno-hw-mul\libc.a(lib_a-__atexit.o)
 .comment       0x000000000000002d       0x2e c:/intelfpga_lite/22.1std/nios2eds/bin/gnu/h-x86_64-mingw32/bin/../lib/gcc/nios2-elf/12.2.1/../../../../../H-x86_64-mingw32/nios2-elf/lib/mno-hw-mul\libc.a(lib_a-__call_atexit.o)
 .comment       0x000000000000002d       0x2e c:/ECE496_FPGA/FPGA-Accelerated-SERDES-Simulation-System/Software_workspace/software/Uart_test_bsp/\libhal_bsp.a(alt_exit.o)

.debug
 *(.debug)

.line
 *(.line)

.debug_srcinfo
 *(.debug_srcinfo)

.debug_sfnames
 *(.debug_sfnames)

.debug_aranges  0x0000000000000000      0x9d0
 *(.debug_aranges)
 .debug_aranges
                0x0000000000000000       0x28 c:/ECE496_FPGA/FPGA-Accelerated-SERDES-Simulation-System/Software_workspace/software/Uart_test_bsp//obj/HAL/src/crt0.o
 .debug_aranges
                0x0000000000000028       0x20 obj/default/hello_world.o
 .debug_aranges
                0x0000000000000048       0x28 c:/intelfpga_lite/22.1std/nios2eds/bin/gnu/h-x86_64-mingw32/bin/../lib/gcc/nios2-elf/12.2.1/../../../../../H-x86_64-mingw32/nios2-elf/lib/mno-hw-mul\libc.a(lib_a-puts.o)
 .debug_aranges
                0x0000000000000070       0x20 c:/intelfpga_lite/22.1std/nios2eds/bin/gnu/h-x86_64-mingw32/bin/../lib/gcc/nios2-elf/12.2.1/../../../../../H-x86_64-mingw32/nios2-elf/lib/mno-hw-mul\libc.a(lib_a-strlen.o)
 .debug_aranges
                0x0000000000000090       0x88 c:/intelfpga_lite/22.1std/nios2eds/bin/gnu/h-x86_64-mingw32/bin/../lib/gcc/nios2-elf/12.2.1/../../../../../H-x86_64-mingw32/nios2-elf/lib/mno-hw-mul\libc.a(lib_a-findfp.o)
 .debug_aranges
                0x0000000000000118       0x20 c:/intelfpga_lite/22.1std/nios2eds/bin/gnu/h-x86_64-mingw32/bin/../lib/gcc/nios2-elf/12.2.1/../../../../../H-x86_64-mingw32/nios2-elf/lib/mno-hw-mul\libc.a(lib_a-fvwrite.o)
 .debug_aranges
                0x0000000000000138       0x28 c:/intelfpga_lite/22.1std/nios2eds/bin/gnu/h-x86_64-mingw32/bin/../lib/gcc/nios2-elf/12.2.1/../../../../../H-x86_64-mingw32/nios2-elf/lib/mno-hw-mul\libc.a(lib_a-fwalk.o)
 .debug_aranges
                0x0000000000000160       0x18 c:/intelfpga_lite/22.1std/nios2eds/bin/gnu/h-x86_64-mingw32/bin/../lib/gcc/nios2-elf/12.2.1/../../../../../H-x86_64-mingw32/nios2-elf/lib/mno-hw-mul\libc.a(lib_a-impure.o)
 .debug_aranges
                0x0000000000000178       0x20 c:/intelfpga_lite/22.1std/nios2eds/bin/gnu/h-x86_64-mingw32/bin/../lib/gcc/nios2-elf/12.2.1/../../../../../H-x86_64-mingw32/nios2-elf/lib/mno-hw-mul\libc.a(lib_a-mallocr.o)
 .debug_aranges
                0x0000000000000198       0x20 c:/intelfpga_lite/22.1std/nios2eds/bin/gnu/h-x86_64-mingw32/bin/../lib/gcc/nios2-elf/12.2.1/../../../../../H-x86_64-mingw32/nios2-elf/lib/mno-hw-mul\libc.a(lib_a-memchr.o)
 .debug_aranges
                0x00000000000001b8       0x20 c:/intelfpga_lite/22.1std/nios2eds/bin/gnu/h-x86_64-mingw32/bin/../lib/gcc/nios2-elf/12.2.1/../../../../../H-x86_64-mingw32/nios2-elf/lib/mno-hw-mul\libc.a(lib_a-memcpy.o)
 .debug_aranges
                0x00000000000001d8       0x20 c:/intelfpga_lite/22.1std/nios2eds/bin/gnu/h-x86_64-mingw32/bin/../lib/gcc/nios2-elf/12.2.1/../../../../../H-x86_64-mingw32/nios2-elf/lib/mno-hw-mul\libc.a(lib_a-memmove.o)
 .debug_aranges
                0x00000000000001f8       0x20 c:/intelfpga_lite/22.1std/nios2eds/bin/gnu/h-x86_64-mingw32/bin/../lib/gcc/nios2-elf/12.2.1/../../../../../H-x86_64-mingw32/nios2-elf/lib/mno-hw-mul\libc.a(lib_a-memset.o)
 .debug_aranges